2026-06-06 11:53:55,583 INFO  org.testng.internal.Utils - [TestNG] Running:
  D:\Guru99BankCapstone\Guru99Bank\testng.xml

2026-06-06 11:55:20,294 INFO  org.testng.internal.Utils - [Utils] MethodGroupsHelper.collectMethodsByGroup() took 0 ms.
2026-06-06 11:55:20,299 INFO  org.testng.internal.Utils - [Utils] MethodGroupsHelper.sortMethods() took 1 ms.
2026-06-06 11:55:20,302 INFO  org.testng.internal.Utils - [Utils] MethodGroupsHelper.collectMethodsByGroup() took 0 ms.
2026-06-06 11:55:20,302 INFO  org.testng.internal.Utils - [Utils] MethodGroupsHelper.sortMethods() took 0 ms.
2026-06-06 11:55:20,303 INFO  org.testng.internal.Utils - [Utils] MethodGroupsHelper.collectMethodsByGroup() took 0 ms.
2026-06-06 11:55:20,303 INFO  org.testng.internal.Utils - [Utils] MethodGroupsHelper.sortMethods() took 0 ms.
2026-06-06 11:55:20,304 INFO  org.testng.internal.Utils - [Utils] MethodGroupsHelper.collectMethodsByGroup() took 0 ms.
2026-06-06 11:55:20,304 INFO  org.testng.internal.Utils - [Utils] MethodGroupsHelper.sortMethods() took 0 ms.
2026-06-06 11:55:20,304 INFO  org.testng.internal.Utils - [Utils] MethodGroupsHelper.collectMethodsByGroup() took 0 ms.
2026-06-06 11:55:20,304 INFO  org.testng.internal.Utils - [Utils] MethodGroupsHelper.sortMethods() took 0 ms.
2026-06-06 11:55:20,305 INFO  org.testng.internal.Utils - [Utils] MethodGroupsHelper.collectMethodsByGroup() took 0 ms.
2026-06-06 11:55:20,305 INFO  org.testng.internal.Utils - [Utils] MethodGroupsHelper.sortMethods() took 0 ms.
2026-06-06 11:55:20,305 INFO  org.testng.internal.Utils - [Utils] MethodGroupsHelper.collectMethodsByGroup() took 0 ms.
2026-06-06 11:55:20,305 INFO  org.testng.internal.Utils - [Utils] MethodGroupsHelper.sortMethods() took 0 ms.
2026-06-06 11:55:20,306 INFO  org.testng.internal.Utils - [Utils] MethodGroupsHelper.collectMethodsByGroup() took 0 ms.
2026-06-06 11:55:20,306 INFO  org.testng.internal.Utils - [Utils] MethodGroupsHelper.sortMethods() took 0 ms.
2026-06-06 11:55:20,311 INFO  org.testng.internal.Utils - [Utils] MethodGroupsHelper.collectMethodsByGroup() took 2 ms.
2026-06-06 11:55:20,318 INFO  org.testng.internal.Utils - [Utils] MethodGroupsHelper.sortMethods() took 5 ms.
2026-06-06 11:55:20,319 INFO  org.testng.internal.Utils - [Utils] MethodGroupsHelper.collectMethodsByGroup() took 0 ms.
2026-06-06 11:55:20,319 INFO  org.testng.internal.Utils - [Utils] MethodGroupsHelper.sortMethods() took 0 ms.
2026-06-06 11:55:20,323 INFO  org.testng.internal.Utils - [Utils] MethodGroupsHelper.collectMethodsByGroup() took 0 ms.
2026-06-06 11:55:20,323 INFO  org.testng.internal.Utils - [Utils] MethodGroupsHelper.sortMethods() took 0 ms.
2026-06-06 11:55:20,324 INFO  org.testng.internal.Utils - [Utils] MethodGroupsHelper.collectMethodsByGroup() took 0 ms.
2026-06-06 11:55:20,324 INFO  org.testng.internal.Utils - [Utils] MethodGroupsHelper.sortMethods() took 0 ms.
2026-06-06 11:55:20,327 INFO  org.testng.internal.Utils - [Utils] MethodGroupsHelper.collectMethodsByGroup() took 2 ms.
2026-06-06 11:55:20,329 INFO  org.testng.internal.Utils - [Utils] MethodGroupsHelper.sortMethods() took 1 ms.
2026-06-06 11:55:20,330 INFO  org.testng.internal.Utils - [Utils] MethodGroupsHelper.collectMethodsByGroup() took 0 ms.
2026-06-06 11:55:20,331 INFO  org.testng.internal.Utils - [Utils] MethodGroupsHelper.sortMethods() took 0 ms.
2026-06-06 11:55:20,331 INFO  org.testng.internal.Utils - [Utils] MethodGroupsHelper.collectMethodsByGroup() took 0 ms.
2026-06-06 11:55:20,331 INFO  org.testng.internal.Utils - [Utils] MethodGroupsHelper.sortMethods() took 0 ms.
2026-06-06 11:55:20,336 INFO  org.testng.internal.Utils - [TestNG] Running:
  C:\Users\nk171\AppData\Local\Temp\testng-eclipse--174893320\testng-customsuite.xml

2026-06-06 11:55:20,352 INFO  org.testng.internal.Utils - [Utils] DynamicGraphHelper.createDynamicGraph() took 2 ms.
2026-06-06 11:55:20,504 INFO  org.testng.internal.Utils - [TestNG] Time taken by org.testng.reporters.jq.Main@4602c2a9: 64 ms
2026-06-06 11:55:20,516 INFO  org.testng.internal.Utils - [TestNG] Time taken by org.testng.reporters.FailedReporter@2484f433: 12 ms
2026-06-06 11:55:20,528 INFO  org.testng.internal.Utils - [TestNG] Time taken by org.testng.reporters.XMLReporter@5f4d427e: 10 ms
2026-06-06 11:55:20,535 INFO  org.testng.internal.Utils - [TestNG] Time taken by org.testng.reporters.EmailableReporter2@32cb636e: 7 ms
2026-06-06 11:55:20,541 INFO  org.testng.internal.Utils - [TestNG] Time taken by org.testng.reporters.JUnitReportReporter@6fff253c: 5 ms
2026-06-06 11:55:20,541 INFO  org.testng.internal.Utils - [TestNG] Time taken by org.testng.internal.ExitCodeListener@6c6357f9: 0 ms
2026-06-06 11:57:35,809 INFO  org.testng.internal.Utils - [TestNG] Running:
  D:\Guru99BankCapstone\Guru99Bank\testng.xml

2026-06-06 11:57:37,262 INFO  io.github.bonigarcia.wdm.WebDriverManager - Using chromedriver 149.0.7827.54 (resolved driver for Chrome 149)
2026-06-06 11:57:37,338 INFO  io.github.bonigarcia.wdm.WebDriverManager - Exporting webdriver.chrome.driver as C:\Users\nk171\.cache\selenium\chromedriver\win64\149.0.7827.54\chromedriver.exe
2026-06-06 11:58:04,065 INFO  io.github.bonigarcia.wdm.WebDriverManager - Using chromedriver 149.0.7827.54 (resolved driver for Chrome 149)
2026-06-06 11:58:04,089 INFO  io.github.bonigarcia.wdm.WebDriverManager - Exporting webdriver.chrome.driver as C:\Users\nk171\.cache\selenium\chromedriver\win64\149.0.7827.54\chromedriver.exe
2026-06-06 11:58:47,040 INFO  io.github.bonigarcia.wdm.WebDriverManager - Using chromedriver 149.0.7827.54 (resolved driver for Chrome 149)
2026-06-06 11:58:47,058 INFO  io.github.bonigarcia.wdm.WebDriverManager - Exporting webdriver.chrome.driver as C:\Users\nk171\.cache\selenium\chromedriver\win64\149.0.7827.54\chromedriver.exe
2026-06-06 11:59:34,490 INFO  io.github.bonigarcia.wdm.WebDriverManager - Using chromedriver 149.0.7827.54 (resolved driver for Chrome 149)
2026-06-06 11:59:34,515 INFO  io.github.bonigarcia.wdm.WebDriverManager - Exporting webdriver.chrome.driver as C:\Users\nk171\.cache\selenium\chromedriver\win64\149.0.7827.54\chromedriver.exe
2026-06-06 11:59:48,872 INFO  io.github.bonigarcia.wdm.WebDriverManager - Using chromedriver 149.0.7827.54 (resolved driver for Chrome 149)
2026-06-06 11:59:48,892 INFO  io.github.bonigarcia.wdm.WebDriverManager - Exporting webdriver.chrome.driver as C:\Users\nk171\.cache\selenium\chromedriver\win64\149.0.7827.54\chromedriver.exe
2026-06-06 12:00:34,191 INFO  io.github.bonigarcia.wdm.WebDriverManager - Using chromedriver 149.0.7827.54 (resolved driver for Chrome 149)
2026-06-06 12:00:34,220 INFO  io.github.bonigarcia.wdm.WebDriverManager - Exporting webdriver.chrome.driver as C:\Users\nk171\.cache\selenium\chromedriver\win64\149.0.7827.54\chromedriver.exe
2026-06-06 12:01:10,724 INFO  io.github.bonigarcia.wdm.WebDriverManager - Using chromedriver 149.0.7827.54 (resolved driver for Chrome 149)
2026-06-06 12:01:10,751 INFO  io.github.bonigarcia.wdm.WebDriverManager - Exporting webdriver.chrome.driver as C:\Users\nk171\.cache\selenium\chromedriver\win64\149.0.7827.54\chromedriver.exe
2026-06-06 12:01:33,797 INFO  io.github.bonigarcia.wdm.WebDriverManager - Using chromedriver 149.0.7827.54 (resolved driver for Chrome 149)
2026-06-06 12:01:33,828 INFO  io.github.bonigarcia.wdm.WebDriverManager - Exporting webdriver.chrome.driver as C:\Users\nk171\.cache\selenium\chromedriver\win64\149.0.7827.54\chromedriver.exe
2026-06-06 12:02:15,055 INFO  io.github.bonigarcia.wdm.WebDriverManager - Using chromedriver 149.0.7827.54 (resolved driver for Chrome 149)
2026-06-06 12:02:15,081 INFO  io.github.bonigarcia.wdm.WebDriverManager - Exporting webdriver.chrome.driver as C:\Users\nk171\.cache\selenium\chromedriver\win64\149.0.7827.54\chromedriver.exe
2026-06-06 12:02:40,092 INFO  io.github.bonigarcia.wdm.WebDriverManager - Using chromedriver 149.0.7827.54 (resolved driver for Chrome 149)
2026-06-06 12:02:40,115 INFO  io.github.bonigarcia.wdm.WebDriverManager - Exporting webdriver.chrome.driver as C:\Users\nk171\.cache\selenium\chromedriver\win64\149.0.7827.54\chromedriver.exe
2026-06-06 12:13:50,534 INFO  org.testng.internal.Utils - [TestNG] Running:
  D:\Guru99BankCapstone\Guru99Bank\testng.xml

2026-06-06 12:13:50,906 INFO  io.github.bonigarcia.wdm.WebDriverManager - Using chromedriver 149.0.7827.54 (resolved driver for Chrome 149)
2026-06-06 12:13:50,971 INFO  io.github.bonigarcia.wdm.WebDriverManager - Exporting webdriver.chrome.driver as C:\Users\nk171\.cache\selenium\chromedriver\win64\149.0.7827.54\chromedriver.exe
2026-06-06 12:14:05,196 INFO  io.github.bonigarcia.wdm.WebDriverManager - Using chromedriver 149.0.7827.54 (resolved driver for Chrome 149)
2026-06-06 12:14:05,219 INFO  io.github.bonigarcia.wdm.WebDriverManager - Exporting webdriver.chrome.driver as C:\Users\nk171\.cache\selenium\chromedriver\win64\149.0.7827.54\chromedriver.exe
2026-06-06 12:14:20,709 INFO  io.github.bonigarcia.wdm.WebDriverManager - Using chromedriver 149.0.7827.54 (resolved driver for Chrome 149)
2026-06-06 12:14:20,732 INFO  io.github.bonigarcia.wdm.WebDriverManager - Exporting webdriver.chrome.driver as C:\Users\nk171\.cache\selenium\chromedriver\win64\149.0.7827.54\chromedriver.exe
2026-06-06 12:14:26,016 INFO  io.github.bonigarcia.wdm.WebDriverManager - Using chromedriver 149.0.7827.54 (resolved driver for Chrome 149)
2026-06-06 12:14:26,031 INFO  io.github.bonigarcia.wdm.WebDriverManager - Exporting webdriver.chrome.driver as C:\Users\nk171\.cache\selenium\chromedriver\win64\149.0.7827.54\chromedriver.exe
2026-06-06 12:14:39,458 INFO  io.github.bonigarcia.wdm.WebDriverManager - Using chromedriver 149.0.7827.54 (resolved driver for Chrome 149)
2026-06-06 12:14:39,483 INFO  io.github.bonigarcia.wdm.WebDriverManager - Exporting webdriver.chrome.driver as C:\Users\nk171\.cache\selenium\chromedriver\win64\149.0.7827.54\chromedriver.exe
2026-06-06 12:15:12,417 INFO  io.github.bonigarcia.wdm.WebDriverManager - Using chromedriver 149.0.7827.54 (resolved driver for Chrome 149)
2026-06-06 12:15:12,441 INFO  io.github.bonigarcia.wdm.WebDriverManager - Exporting webdriver.chrome.driver as C:\Users\nk171\.cache\selenium\chromedriver\win64\149.0.7827.54\chromedriver.exe
2026-06-06 12:16:58,451 INFO  io.github.bonigarcia.wdm.WebDriverManager - Using chromedriver 149.0.7827.54 (resolved driver for Chrome 149)
2026-06-06 12:16:58,491 INFO  io.github.bonigarcia.wdm.WebDriverManager - Exporting webdriver.chrome.driver as C:\Users\nk171\.cache\selenium\chromedriver\win64\149.0.7827.54\chromedriver.exe
2026-06-06 12:18:00,591 INFO  io.github.bonigarcia.wdm.WebDriverManager - Using chromedriver 149.0.7827.54 (resolved driver for Chrome 149)
2026-06-06 12:18:00,626 INFO  io.github.bonigarcia.wdm.WebDriverManager - Exporting webdriver.chrome.driver as C:\Users\nk171\.cache\selenium\chromedriver\win64\149.0.7827.54\chromedriver.exe
2026-06-06 12:18:29,268 INFO  io.github.bonigarcia.wdm.WebDriverManager - Using chromedriver 149.0.7827.54 (resolved driver for Chrome 149)
2026-06-06 12:18:29,294 INFO  io.github.bonigarcia.wdm.WebDriverManager - Exporting webdriver.chrome.driver as C:\Users\nk171\.cache\selenium\chromedriver\win64\149.0.7827.54\chromedriver.exe
2026-06-06 12:19:05,229 INFO  io.github.bonigarcia.wdm.WebDriverManager - Using chromedriver 149.0.7827.54 (resolved driver for Chrome 149)
2026-06-06 12:19:05,251 INFO  io.github.bonigarcia.wdm.WebDriverManager - Exporting webdriver.chrome.driver as C:\Users\nk171\.cache\selenium\chromedriver\win64\149.0.7827.54\chromedriver.exe
2026-06-06 13:48:41,020 INFO  org.testng.internal.Utils - [TestNG] Running:
  D:\Guru99BankCapstone\Guru99Bank\testng.xml

2026-06-06 13:48:43,182 INFO  io.github.bonigarcia.wdm.WebDriverManager - Using chromedriver 149.0.7827.54 (resolved driver for Chrome 149)
2026-06-06 13:48:43,212 INFO  io.github.bonigarcia.wdm.WebDriverManager - Exporting webdriver.chrome.driver as C:\Users\nk171\.cache\selenium\chromedriver\win64\149.0.7827.54\chromedriver.exe
2026-06-06 13:48:55,585 INFO  io.github.bonigarcia.wdm.WebDriverManager - Using chromedriver 149.0.7827.54 (resolved driver for Chrome 149)
2026-06-06 13:48:55,620 INFO  io.github.bonigarcia.wdm.WebDriverManager - Exporting webdriver.chrome.driver as C:\Users\nk171\.cache\selenium\chromedriver\win64\149.0.7827.54\chromedriver.exe
2026-06-06 13:49:31,013 INFO  io.github.bonigarcia.wdm.WebDriverManager - Using chromedriver 149.0.7827.54 (resolved driver for Chrome 149)
2026-06-06 13:49:31,047 INFO  io.github.bonigarcia.wdm.WebDriverManager - Exporting webdriver.chrome.driver as C:\Users\nk171\.cache\selenium\chromedriver\win64\149.0.7827.54\chromedriver.exe
2026-06-06 13:49:47,108 INFO  io.github.bonigarcia.wdm.WebDriverManager - Using chromedriver 149.0.7827.54 (resolved driver for Chrome 149)
2026-06-06 13:49:47,140 INFO  io.github.bonigarcia.wdm.WebDriverManager - Exporting webdriver.chrome.driver as C:\Users\nk171\.cache\selenium\chromedriver\win64\149.0.7827.54\chromedriver.exe
2026-06-06 13:50:11,729 INFO  io.github.bonigarcia.wdm.WebDriverManager - Using chromedriver 149.0.7827.54 (resolved driver for Chrome 149)
2026-06-06 13:50:11,758 INFO  io.github.bonigarcia.wdm.WebDriverManager - Exporting webdriver.chrome.driver as C:\Users\nk171\.cache\selenium\chromedriver\win64\149.0.7827.54\chromedriver.exe
2026-06-06 13:51:00,556 INFO  io.github.bonigarcia.wdm.WebDriverManager - Using chromedriver 149.0.7827.54 (resolved driver for Chrome 149)
2026-06-06 13:51:00,600 INFO  io.github.bonigarcia.wdm.WebDriverManager - Exporting webdriver.chrome.driver as C:\Users\nk171\.cache\selenium\chromedriver\win64\149.0.7827.54\chromedriver.exe
2026-06-06 13:51:56,937 INFO  io.github.bonigarcia.wdm.WebDriverManager - Using chromedriver 149.0.7827.54 (resolved driver for Chrome 149)
2026-06-06 13:51:56,965 INFO  io.github.bonigarcia.wdm.WebDriverManager - Exporting webdriver.chrome.driver as C:\Users\nk171\.cache\selenium\chromedriver\win64\149.0.7827.54\chromedriver.exe
2026-06-06 13:53:01,330 INFO  io.github.bonigarcia.wdm.WebDriverManager - Using chromedriver 149.0.7827.54 (resolved driver for Chrome 149)
2026-06-06 13:53:01,357 INFO  io.github.bonigarcia.wdm.WebDriverManager - Exporting webdriver.chrome.driver as C:\Users\nk171\.cache\selenium\chromedriver\win64\149.0.7827.54\chromedriver.exe
2026-06-06 13:53:40,454 INFO  io.github.bonigarcia.wdm.WebDriverManager - Using chromedriver 149.0.7827.54 (resolved driver for Chrome 149)
2026-06-06 13:53:40,472 INFO  io.github.bonigarcia.wdm.WebDriverManager - Exporting webdriver.chrome.driver as C:\Users\nk171\.cache\selenium\chromedriver\win64\149.0.7827.54\chromedriver.exe
2026-06-06 13:54:00,845 INFO  io.github.bonigarcia.wdm.WebDriverManager - Using chromedriver 149.0.7827.54 (resolved driver for Chrome 149)
2026-06-06 13:54:00,873 INFO  io.github.bonigarcia.wdm.WebDriverManager - Exporting webdriver.chrome.driver as C:\Users\nk171\.cache\selenium\chromedriver\win64\149.0.7827.54\chromedriver.exe
2026-06-06 13:57:19,400 INFO  org.testng.internal.Utils - [TestNG] Running:
  D:\Guru99BankCapstone\Guru99Bank\testng.xml

2026-06-06 13:57:19,970 INFO  io.github.bonigarcia.wdm.WebDriverManager - Using chromedriver 149.0.7827.54 (resolved driver for Chrome 149)
2026-06-06 13:57:20,044 INFO  io.github.bonigarcia.wdm.WebDriverManager - Exporting webdriver.chrome.driver as C:\Users\nk171\.cache\selenium\chromedriver\win64\149.0.7827.54\chromedriver.exe
2026-06-06 13:57:50,436 INFO  io.github.bonigarcia.wdm.WebDriverManager - Using chromedriver 149.0.7827.54 (resolved driver for Chrome 149)
2026-06-06 13:57:50,467 INFO  io.github.bonigarcia.wdm.WebDriverManager - Exporting webdriver.chrome.driver as C:\Users\nk171\.cache\selenium\chromedriver\win64\149.0.7827.54\chromedriver.exe
2026-06-06 13:58:12,322 INFO  io.github.bonigarcia.wdm.WebDriverManager - Using chromedriver 149.0.7827.54 (resolved driver for Chrome 149)
2026-06-06 13:58:12,353 INFO  io.github.bonigarcia.wdm.WebDriverManager - Exporting webdriver.chrome.driver as C:\Users\nk171\.cache\selenium\chromedriver\win64\149.0.7827.54\chromedriver.exe
2026-06-06 13:58:20,026 INFO  io.github.bonigarcia.wdm.WebDriverManager - Using chromedriver 149.0.7827.54 (resolved driver for Chrome 149)
2026-06-06 13:58:20,042 INFO  io.github.bonigarcia.wdm.WebDriverManager - Exporting webdriver.chrome.driver as C:\Users\nk171\.cache\selenium\chromedriver\win64\149.0.7827.54\chromedriver.exe
2026-06-06 13:58:35,445 INFO  io.github.bonigarcia.wdm.WebDriverManager - Using chromedriver 149.0.7827.54 (resolved driver for Chrome 149)
2026-06-06 13:58:35,473 INFO  io.github.bonigarcia.wdm.WebDriverManager - Exporting webdriver.chrome.driver as C:\Users\nk171\.cache\selenium\chromedriver\win64\149.0.7827.54\chromedriver.exe
2026-06-06 13:58:53,033 INFO  io.github.bonigarcia.wdm.WebDriverManager - Using chromedriver 149.0.7827.54 (resolved driver for Chrome 149)
2026-06-06 13:58:53,065 INFO  io.github.bonigarcia.wdm.WebDriverManager - Exporting webdriver.chrome.driver as C:\Users\nk171\.cache\selenium\chromedriver\win64\149.0.7827.54\chromedriver.exe
2026-06-06 13:59:39,222 INFO  io.github.bonigarcia.wdm.WebDriverManager - Using chromedriver 149.0.7827.54 (resolved driver for Chrome 149)
2026-06-06 13:59:39,253 INFO  io.github.bonigarcia.wdm.WebDriverManager - Exporting webdriver.chrome.driver as C:\Users\nk171\.cache\selenium\chromedriver\win64\149.0.7827.54\chromedriver.exe
2026-06-06 14:00:32,721 INFO  io.github.bonigarcia.wdm.WebDriverManager - Using chromedriver 149.0.7827.54 (resolved driver for Chrome 149)
2026-06-06 14:00:32,749 INFO  io.github.bonigarcia.wdm.WebDriverManager - Exporting webdriver.chrome.driver as C:\Users\nk171\.cache\selenium\chromedriver\win64\149.0.7827.54\chromedriver.exe
2026-06-06 14:01:09,841 INFO  io.github.bonigarcia.wdm.WebDriverManager - Using chromedriver 149.0.7827.54 (resolved driver for Chrome 149)
2026-06-06 14:01:09,866 INFO  io.github.bonigarcia.wdm.WebDriverManager - Exporting webdriver.chrome.driver as C:\Users\nk171\.cache\selenium\chromedriver\win64\149.0.7827.54\chromedriver.exe
2026-06-06 14:01:50,070 INFO  io.github.bonigarcia.wdm.WebDriverManager - Using chromedriver 149.0.7827.54 (resolved driver for Chrome 149)
2026-06-06 14:01:50,094 INFO  io.github.bonigarcia.wdm.WebDriverManager - Exporting webdriver.chrome.driver as C:\Users\nk171\.cache\selenium\chromedriver\win64\149.0.7827.54\chromedriver.exe
2026-06-06 14:36:25,163 INFO  org.testng.internal.Utils - [TestNG] Running:
  D:\Guru99BankCapstone\Guru99Bank\testng.xml

2026-06-06 14:36:25,546 INFO  io.github.bonigarcia.wdm.WebDriverManager - Using chromedriver 149.0.7827.54 (resolved driver for Chrome 149)
2026-06-06 14:36:25,616 INFO  io.github.bonigarcia.wdm.WebDriverManager - Exporting webdriver.chrome.driver as C:\Users\nk171\.cache\selenium\chromedriver\win64\149.0.7827.54\chromedriver.exe
2026-06-06 14:36:36,087 INFO  io.github.bonigarcia.wdm.WebDriverManager - Using chromedriver 149.0.7827.54 (resolved driver for Chrome 149)
2026-06-06 14:36:36,112 INFO  io.github.bonigarcia.wdm.WebDriverManager - Exporting webdriver.chrome.driver as C:\Users\nk171\.cache\selenium\chromedriver\win64\149.0.7827.54\chromedriver.exe
2026-06-06 14:36:40,618 INFO  io.github.bonigarcia.wdm.WebDriverManager - Using chromedriver 149.0.7827.54 (resolved driver for Chrome 149)
2026-06-06 14:36:40,646 INFO  io.github.bonigarcia.wdm.WebDriverManager - Exporting webdriver.chrome.driver as C:\Users\nk171\.cache\selenium\chromedriver\win64\149.0.7827.54\chromedriver.exe
2026-06-06 14:36:53,407 INFO  io.github.bonigarcia.wdm.WebDriverManager - Using chromedriver 149.0.7827.54 (resolved driver for Chrome 149)
2026-06-06 14:36:53,440 INFO  io.github.bonigarcia.wdm.WebDriverManager - Exporting webdriver.chrome.driver as C:\Users\nk171\.cache\selenium\chromedriver\win64\149.0.7827.54\chromedriver.exe
2026-06-06 14:37:19,036 INFO  io.github.bonigarcia.wdm.WebDriverManager - Using chromedriver 149.0.7827.54 (resolved driver for Chrome 149)
2026-06-06 14:37:19,060 INFO  io.github.bonigarcia.wdm.WebDriverManager - Exporting webdriver.chrome.driver as C:\Users\nk171\.cache\selenium\chromedriver\win64\149.0.7827.54\chromedriver.exe
2026-06-06 14:37:38,585 INFO  io.github.bonigarcia.wdm.WebDriverManager - Using chromedriver 149.0.7827.54 (resolved driver for Chrome 149)
2026-06-06 14:37:38,613 INFO  io.github.bonigarcia.wdm.WebDriverManager - Exporting webdriver.chrome.driver as C:\Users\nk171\.cache\selenium\chromedriver\win64\149.0.7827.54\chromedriver.exe
2026-06-06 14:37:51,316 INFO  io.github.bonigarcia.wdm.WebDriverManager - Using chromedriver 149.0.7827.54 (resolved driver for Chrome 149)
2026-06-06 14:37:51,357 INFO  io.github.bonigarcia.wdm.WebDriverManager - Exporting webdriver.chrome.driver as C:\Users\nk171\.cache\selenium\chromedriver\win64\149.0.7827.54\chromedriver.exe
2026-06-06 14:38:16,123 INFO  io.github.bonigarcia.wdm.WebDriverManager - Using chromedriver 149.0.7827.54 (resolved driver for Chrome 149)
2026-06-06 14:38:16,133 INFO  io.github.bonigarcia.wdm.WebDriverManager - Exporting webdriver.chrome.driver as C:\Users\nk171\.cache\selenium\chromedriver\win64\149.0.7827.54\chromedriver.exe
2026-06-06 14:38:42,919 INFO  io.github.bonigarcia.wdm.WebDriverManager - Using chromedriver 149.0.7827.54 (resolved driver for Chrome 149)
2026-06-06 14:38:42,929 INFO  io.github.bonigarcia.wdm.WebDriverManager - Exporting webdriver.chrome.driver as C:\Users\nk171\.cache\selenium\chromedriver\win64\149.0.7827.54\chromedriver.exe
2026-06-06 14:39:16,790 INFO  io.github.bonigarcia.wdm.WebDriverManager - Using chromedriver 149.0.7827.54 (resolved driver for Chrome 149)
2026-06-06 14:39:16,829 INFO  io.github.bonigarcia.wdm.WebDriverManager - Exporting webdriver.chrome.driver as C:\Users\nk171\.cache\selenium\chromedriver\win64\149.0.7827.54\chromedriver.exe
2026-06-06 15:07:24,831 INFO  org.testng.internal.Utils - [TestNG] Running:
  D:\Guru99BankCapstone\Guru99Bank\testng.xml

2026-06-06 15:07:25,850 INFO  io.github.bonigarcia.wdm.WebDriverManager - Using chromedriver 149.0.7827.54 (resolved driver for Chrome 149)
2026-06-06 15:07:25,874 INFO  io.github.bonigarcia.wdm.WebDriverManager - Exporting webdriver.chrome.driver as C:\Users\nk171\.cache\selenium\chromedriver\win64\149.0.7827.54\chromedriver.exe
2026-06-06 15:07:33,436 INFO  io.github.bonigarcia.wdm.WebDriverManager - Using chromedriver 149.0.7827.54 (resolved driver for Chrome 149)
2026-06-06 15:07:33,470 INFO  io.github.bonigarcia.wdm.WebDriverManager - Exporting webdriver.chrome.driver as C:\Users\nk171\.cache\selenium\chromedriver\win64\149.0.7827.54\chromedriver.exe
2026-06-06 15:07:45,205 INFO  io.github.bonigarcia.wdm.WebDriverManager - Using chromedriver 149.0.7827.54 (resolved driver for Chrome 149)
2026-06-06 15:07:45,247 INFO  io.github.bonigarcia.wdm.WebDriverManager - Exporting webdriver.chrome.driver as C:\Users\nk171\.cache\selenium\chromedriver\win64\149.0.7827.54\chromedriver.exe
2026-06-06 15:08:13,954 INFO  io.github.bonigarcia.wdm.WebDriverManager - Using chromedriver 149.0.7827.54 (resolved driver for Chrome 149)
2026-06-06 15:08:13,975 INFO  io.github.bonigarcia.wdm.WebDriverManager - Exporting webdriver.chrome.driver as C:\Users\nk171\.cache\selenium\chromedriver\win64\149.0.7827.54\chromedriver.exe
2026-06-06 15:08:38,046 INFO  io.github.bonigarcia.wdm.WebDriverManager - Using chromedriver 149.0.7827.54 (resolved driver for Chrome 149)
2026-06-06 15:08:38,069 INFO  io.github.bonigarcia.wdm.WebDriverManager - Exporting webdriver.chrome.driver as C:\Users\nk171\.cache\selenium\chromedriver\win64\149.0.7827.54\chromedriver.exe
2026-06-06 15:08:54,889 INFO  io.github.bonigarcia.wdm.WebDriverManager - Using chromedriver 149.0.7827.54 (resolved driver for Chrome 149)
2026-06-06 15:08:54,924 INFO  io.github.bonigarcia.wdm.WebDriverManager - Exporting webdriver.chrome.driver as C:\Users\nk171\.cache\selenium\chromedriver\win64\149.0.7827.54\chromedriver.exe
2026-06-06 15:09:07,678 INFO  io.github.bonigarcia.wdm.WebDriverManager - Using chromedriver 149.0.7827.54 (resolved driver for Chrome 149)
2026-06-06 15:09:07,699 INFO  io.github.bonigarcia.wdm.WebDriverManager - Exporting webdriver.chrome.driver as C:\Users\nk171\.cache\selenium\chromedriver\win64\149.0.7827.54\chromedriver.exe
2026-06-06 15:09:46,290 INFO  io.github.bonigarcia.wdm.WebDriverManager - Using chromedriver 149.0.7827.54 (resolved driver for Chrome 149)
2026-06-06 15:09:46,311 INFO  io.github.bonigarcia.wdm.WebDriverManager - Exporting webdriver.chrome.driver as C:\Users\nk171\.cache\selenium\chromedriver\win64\149.0.7827.54\chromedriver.exe
2026-06-06 15:10:11,525 INFO  io.github.bonigarcia.wdm.WebDriverManager - Using chromedriver 149.0.7827.54 (resolved driver for Chrome 149)
2026-06-06 15:10:11,536 INFO  io.github.bonigarcia.wdm.WebDriverManager - Exporting webdriver.chrome.driver as C:\Users\nk171\.cache\selenium\chromedriver\win64\149.0.7827.54\chromedriver.exe
2026-06-06 15:10:31,043 INFO  io.github.bonigarcia.wdm.WebDriverManager - Using chromedriver 149.0.7827.54 (resolved driver for Chrome 149)
2026-06-06 15:10:31,063 INFO  io.github.bonigarcia.wdm.WebDriverManager - Exporting webdriver.chrome.driver as C:\Users\nk171\.cache\selenium\chromedriver\win64\149.0.7827.54\chromedriver.exe
2026-06-06 15:20:22,228 INFO  org.testng.internal.Utils - [TestNG] Running:
  D:\Guru99BankCapstone\Guru99Bank\testng.xml

2026-06-06 15:20:22,596 INFO  io.github.bonigarcia.wdm.WebDriverManager - Using chromedriver 149.0.7827.54 (resolved driver for Chrome 149)
2026-06-06 15:20:22,657 INFO  io.github.bonigarcia.wdm.WebDriverManager - Exporting webdriver.chrome.driver as C:\Users\nk171\.cache\selenium\chromedriver\win64\149.0.7827.54\chromedriver.exe
2026-06-06 15:20:41,707 INFO  io.github.bonigarcia.wdm.WebDriverManager - Using chromedriver 149.0.7827.54 (resolved driver for Chrome 149)
2026-06-06 15:20:41,735 INFO  io.github.bonigarcia.wdm.WebDriverManager - Exporting webdriver.chrome.driver as C:\Users\nk171\.cache\selenium\chromedriver\win64\149.0.7827.54\chromedriver.exe
2026-06-06 15:21:06,301 INFO  io.github.bonigarcia.wdm.WebDriverManager - Using chromedriver 149.0.7827.54 (resolved driver for Chrome 149)
2026-06-06 15:21:06,337 INFO  io.github.bonigarcia.wdm.WebDriverManager - Exporting webdriver.chrome.driver as C:\Users\nk171\.cache\selenium\chromedriver\win64\149.0.7827.54\chromedriver.exe
2026-06-06 15:21:40,185 INFO  io.github.bonigarcia.wdm.WebDriverManager - Using chromedriver 149.0.7827.54 (resolved driver for Chrome 149)
2026-06-06 15:21:40,207 INFO  io.github.bonigarcia.wdm.WebDriverManager - Exporting webdriver.chrome.driver as C:\Users\nk171\.cache\selenium\chromedriver\win64\149.0.7827.54\chromedriver.exe
2026-06-06 15:22:04,683 INFO  io.github.bonigarcia.wdm.WebDriverManager - Using chromedriver 149.0.7827.54 (resolved driver for Chrome 149)
2026-06-06 15:22:04,724 INFO  io.github.bonigarcia.wdm.WebDriverManager - Exporting webdriver.chrome.driver as C:\Users\nk171\.cache\selenium\chromedriver\win64\149.0.7827.54\chromedriver.exe
2026-06-06 15:22:34,197 INFO  io.github.bonigarcia.wdm.WebDriverManager - Using chromedriver 149.0.7827.54 (resolved driver for Chrome 149)
2026-06-06 15:22:34,218 INFO  io.github.bonigarcia.wdm.WebDriverManager - Exporting webdriver.chrome.driver as C:\Users\nk171\.cache\selenium\chromedriver\win64\149.0.7827.54\chromedriver.exe
2026-06-06 15:22:57,470 INFO  io.github.bonigarcia.wdm.WebDriverManager - Using chromedriver 149.0.7827.54 (resolved driver for Chrome 149)
2026-06-06 15:22:57,493 INFO  io.github.bonigarcia.wdm.WebDriverManager - Exporting webdriver.chrome.driver as C:\Users\nk171\.cache\selenium\chromedriver\win64\149.0.7827.54\chromedriver.exe
2026-06-06 15:23:44,058 INFO  io.github.bonigarcia.wdm.WebDriverManager - Using chromedriver 149.0.7827.54 (resolved driver for Chrome 149)
2026-06-06 15:23:44,088 INFO  io.github.bonigarcia.wdm.WebDriverManager - Exporting webdriver.chrome.driver as C:\Users\nk171\.cache\selenium\chromedriver\win64\149.0.7827.54\chromedriver.exe
2026-06-06 15:24:01,531 INFO  io.github.bonigarcia.wdm.WebDriverManager - Using chromedriver 149.0.7827.54 (resolved driver for Chrome 149)
2026-06-06 15:24:01,543 INFO  io.github.bonigarcia.wdm.WebDriverManager - Exporting webdriver.chrome.driver as C:\Users\nk171\.cache\selenium\chromedriver\win64\149.0.7827.54\chromedriver.exe
2026-06-06 15:24:50,388 INFO  io.github.bonigarcia.wdm.WebDriverManager - Using chromedriver 149.0.7827.54 (resolved driver for Chrome 149)
2026-06-06 15:24:50,408 INFO  io.github.bonigarcia.wdm.WebDriverManager - Exporting webdriver.chrome.driver as C:\Users\nk171\.cache\selenium\chromedriver\win64\149.0.7827.54\chromedriver.exe
2026-06-06 15:31:25,086 INFO  org.testng.internal.Utils - [TestNG] Running:
  D:\Guru99BankCapstone\Guru99Bank\testng.xml

2026-06-06 15:31:25,465 INFO  io.github.bonigarcia.wdm.WebDriverManager - Using chromedriver 149.0.7827.54 (resolved driver for Chrome 149)
2026-06-06 15:31:25,518 INFO  io.github.bonigarcia.wdm.WebDriverManager - Exporting webdriver.chrome.driver as C:\Users\nk171\.cache\selenium\chromedriver\win64\149.0.7827.54\chromedriver.exe
2026-06-06 15:31:49,259 INFO  io.github.bonigarcia.wdm.WebDriverManager - Using chromedriver 149.0.7827.54 (resolved driver for Chrome 149)
2026-06-06 15:31:49,309 INFO  io.github.bonigarcia.wdm.WebDriverManager - Exporting webdriver.chrome.driver as C:\Users\nk171\.cache\selenium\chromedriver\win64\149.0.7827.54\chromedriver.exe
2026-06-06 15:32:16,718 INFO  io.github.bonigarcia.wdm.WebDriverManager - Using chromedriver 149.0.7827.54 (resolved driver for Chrome 149)
2026-06-06 15:32:16,744 INFO  io.github.bonigarcia.wdm.WebDriverManager - Exporting webdriver.chrome.driver as C:\Users\nk171\.cache\selenium\chromedriver\win64\149.0.7827.54\chromedriver.exe
2026-06-06 15:32:54,742 INFO  io.github.bonigarcia.wdm.WebDriverManager - Using chromedriver 149.0.7827.54 (resolved driver for Chrome 149)
2026-06-06 15:32:54,770 INFO  io.github.bonigarcia.wdm.WebDriverManager - Exporting webdriver.chrome.driver as C:\Users\nk171\.cache\selenium\chromedriver\win64\149.0.7827.54\chromedriver.exe
2026-06-06 15:33:29,966 INFO  io.github.bonigarcia.wdm.WebDriverManager - Using chromedriver 149.0.7827.54 (resolved driver for Chrome 149)
2026-06-06 15:33:29,988 INFO  io.github.bonigarcia.wdm.WebDriverManager - Exporting webdriver.chrome.driver as C:\Users\nk171\.cache\selenium\chromedriver\win64\149.0.7827.54\chromedriver.exe
2026-06-06 15:34:12,214 INFO  io.github.bonigarcia.wdm.WebDriverManager - Using chromedriver 149.0.7827.54 (resolved driver for Chrome 149)
2026-06-06 15:34:12,238 INFO  io.github.bonigarcia.wdm.WebDriverManager - Exporting webdriver.chrome.driver as C:\Users\nk171\.cache\selenium\chromedriver\win64\149.0.7827.54\chromedriver.exe
2026-06-06 15:34:51,136 INFO  io.github.bonigarcia.wdm.WebDriverManager - Using chromedriver 149.0.7827.54 (resolved driver for Chrome 149)
2026-06-06 15:34:51,167 INFO  io.github.bonigarcia.wdm.WebDriverManager - Exporting webdriver.chrome.driver as C:\Users\nk171\.cache\selenium\chromedriver\win64\149.0.7827.54\chromedriver.exe
2026-06-06 15:35:21,164 INFO  io.github.bonigarcia.wdm.WebDriverManager - Using chromedriver 149.0.7827.54 (resolved driver for Chrome 149)
2026-06-06 15:35:21,183 INFO  io.github.bonigarcia.wdm.WebDriverManager - Exporting webdriver.chrome.driver as C:\Users\nk171\.cache\selenium\chromedriver\win64\149.0.7827.54\chromedriver.exe
2026-06-06 15:35:38,660 INFO  io.github.bonigarcia.wdm.WebDriverManager - Using chromedriver 149.0.7827.54 (resolved driver for Chrome 149)
2026-06-06 15:35:38,671 INFO  io.github.bonigarcia.wdm.WebDriverManager - Exporting webdriver.chrome.driver as C:\Users\nk171\.cache\selenium\chromedriver\win64\149.0.7827.54\chromedriver.exe
2026-06-06 15:36:06,388 INFO  io.github.bonigarcia.wdm.WebDriverManager - Using chromedriver 149.0.7827.54 (resolved driver for Chrome 149)
2026-06-06 15:36:06,412 INFO  io.github.bonigarcia.wdm.WebDriverManager - Exporting webdriver.chrome.driver as C:\Users\nk171\.cache\selenium\chromedriver\win64\149.0.7827.54\chromedriver.exe
2026-06-06 15:39:59,846 INFO  org.testng.internal.Utils - [TestNG] Running:
  D:\Guru99BankCapstone\Guru99Bank\testng.xml

2026-06-06 15:40:00,241 INFO  io.github.bonigarcia.wdm.WebDriverManager - Using chromedriver 149.0.7827.54 (resolved driver for Chrome 149)
2026-06-06 15:40:00,302 INFO  io.github.bonigarcia.wdm.WebDriverManager - Exporting webdriver.chrome.driver as C:\Users\nk171\.cache\selenium\chromedriver\win64\149.0.7827.54\chromedriver.exe
2026-06-06 15:40:18,427 INFO  io.github.bonigarcia.wdm.WebDriverManager - Using chromedriver 149.0.7827.54 (resolved driver for Chrome 149)
2026-06-06 15:40:18,450 INFO  io.github.bonigarcia.wdm.WebDriverManager - Exporting webdriver.chrome.driver as C:\Users\nk171\.cache\selenium\chromedriver\win64\149.0.7827.54\chromedriver.exe
2026-06-06 15:40:26,894 INFO  io.github.bonigarcia.wdm.WebDriverManager - Using chromedriver 149.0.7827.54 (resolved driver for Chrome 149)
2026-06-06 15:40:26,909 INFO  io.github.bonigarcia.wdm.WebDriverManager - Exporting webdriver.chrome.driver as C:\Users\nk171\.cache\selenium\chromedriver\win64\149.0.7827.54\chromedriver.exe
2026-06-06 15:40:57,548 INFO  io.github.bonigarcia.wdm.WebDriverManager - Using chromedriver 149.0.7827.54 (resolved driver for Chrome 149)
2026-06-06 15:40:57,585 INFO  io.github.bonigarcia.wdm.WebDriverManager - Exporting webdriver.chrome.driver as C:\Users\nk171\.cache\selenium\chromedriver\win64\149.0.7827.54\chromedriver.exe
2026-06-06 15:41:14,610 INFO  io.github.bonigarcia.wdm.WebDriverManager - Using chromedriver 149.0.7827.54 (resolved driver for Chrome 149)
2026-06-06 15:41:14,636 INFO  io.github.bonigarcia.wdm.WebDriverManager - Exporting webdriver.chrome.driver as C:\Users\nk171\.cache\selenium\chromedriver\win64\149.0.7827.54\chromedriver.exe
2026-06-06 15:41:37,529 INFO  io.github.bonigarcia.wdm.WebDriverManager - Using chromedriver 149.0.7827.54 (resolved driver for Chrome 149)
2026-06-06 15:41:37,543 INFO  io.github.bonigarcia.wdm.WebDriverManager - Exporting webdriver.chrome.driver as C:\Users\nk171\.cache\selenium\chromedriver\win64\149.0.7827.54\chromedriver.exe
2026-06-06 15:42:17,411 INFO  io.github.bonigarcia.wdm.WebDriverManager - Using chromedriver 149.0.7827.54 (resolved driver for Chrome 149)
2026-06-06 15:42:17,437 INFO  io.github.bonigarcia.wdm.WebDriverManager - Exporting webdriver.chrome.driver as C:\Users\nk171\.cache\selenium\chromedriver\win64\149.0.7827.54\chromedriver.exe
2026-06-06 15:42:51,394 INFO  io.github.bonigarcia.wdm.WebDriverManager - Using chromedriver 149.0.7827.54 (resolved driver for Chrome 149)
2026-06-06 15:42:51,414 INFO  io.github.bonigarcia.wdm.WebDriverManager - Exporting webdriver.chrome.driver as C:\Users\nk171\.cache\selenium\chromedriver\win64\149.0.7827.54\chromedriver.exe
2026-06-06 15:49:12,688 INFO  org.testng.internal.Utils - [TestNG] Running:
  D:\Guru99BankCapstone\Guru99Bank\testng.xml

2026-06-06 15:49:13,065 INFO  io.github.bonigarcia.wdm.WebDriverManager - Using chromedriver 149.0.7827.54 (resolved driver for Chrome 149)
2026-06-06 15:49:13,118 INFO  io.github.bonigarcia.wdm.WebDriverManager - Exporting webdriver.chrome.driver as C:\Users\nk171\.cache\selenium\chromedriver\win64\149.0.7827.54\chromedriver.exe
2026-06-06 15:49:29,557 INFO  io.github.bonigarcia.wdm.WebDriverManager - Using chromedriver 149.0.7827.54 (resolved driver for Chrome 149)
2026-06-06 15:49:29,584 INFO  io.github.bonigarcia.wdm.WebDriverManager - Exporting webdriver.chrome.driver as C:\Users\nk171\.cache\selenium\chromedriver\win64\149.0.7827.54\chromedriver.exe
2026-06-06 15:49:40,470 INFO  io.github.bonigarcia.wdm.WebDriverManager - Using chromedriver 149.0.7827.54 (resolved driver for Chrome 149)
2026-06-06 15:49:40,502 INFO  io.github.bonigarcia.wdm.WebDriverManager - Exporting webdriver.chrome.driver as C:\Users\nk171\.cache\selenium\chromedriver\win64\149.0.7827.54\chromedriver.exe
2026-06-06 15:50:23,690 INFO  io.github.bonigarcia.wdm.WebDriverManager - Using chromedriver 149.0.7827.54 (resolved driver for Chrome 149)
2026-06-06 15:50:23,725 INFO  io.github.bonigarcia.wdm.WebDriverManager - Exporting webdriver.chrome.driver as C:\Users\nk171\.cache\selenium\chromedriver\win64\149.0.7827.54\chromedriver.exe
2026-06-06 15:50:55,892 INFO  io.github.bonigarcia.wdm.WebDriverManager - Using chromedriver 149.0.7827.54 (resolved driver for Chrome 149)
2026-06-06 15:50:55,918 INFO  io.github.bonigarcia.wdm.WebDriverManager - Exporting webdriver.chrome.driver as C:\Users\nk171\.cache\selenium\chromedriver\win64\149.0.7827.54\chromedriver.exe
2026-06-06 15:51:09,291 INFO  io.github.bonigarcia.wdm.WebDriverManager - Using chromedriver 149.0.7827.54 (resolved driver for Chrome 149)
2026-06-06 15:51:09,313 INFO  io.github.bonigarcia.wdm.WebDriverManager - Exporting webdriver.chrome.driver as C:\Users\nk171\.cache\selenium\chromedriver\win64\149.0.7827.54\chromedriver.exe
2026-06-06 15:51:59,232 INFO  io.github.bonigarcia.wdm.WebDriverManager - Using chromedriver 149.0.7827.54 (resolved driver for Chrome 149)
2026-06-06 15:51:59,254 INFO  io.github.bonigarcia.wdm.WebDriverManager - Exporting webdriver.chrome.driver as C:\Users\nk171\.cache\selenium\chromedriver\win64\149.0.7827.54\chromedriver.exe
2026-06-06 15:52:24,411 INFO  io.github.bonigarcia.wdm.WebDriverManager - Using chromedriver 149.0.7827.54 (resolved driver for Chrome 149)
2026-06-06 15:52:24,443 INFO  io.github.bonigarcia.wdm.WebDriverManager - Exporting webdriver.chrome.driver as C:\Users\nk171\.cache\selenium\chromedriver\win64\149.0.7827.54\chromedriver.exe
2026-06-06 15:59:55,615 INFO  org.testng.internal.Utils - [TestNG] Running:
  D:\Guru99BankCapstone\Guru99Bank\testng.xml

2026-06-06 15:59:56,011 INFO  io.github.bonigarcia.wdm.WebDriverManager - Using chromedriver 149.0.7827.54 (resolved driver for Chrome 149)
2026-06-06 15:59:56,071 INFO  io.github.bonigarcia.wdm.WebDriverManager - Exporting webdriver.chrome.driver as C:\Users\nk171\.cache\selenium\chromedriver\win64\149.0.7827.54\chromedriver.exe
2026-06-06 16:00:17,267 INFO  io.github.bonigarcia.wdm.WebDriverManager - Using chromedriver 149.0.7827.54 (resolved driver for Chrome 149)
2026-06-06 16:00:17,293 INFO  io.github.bonigarcia.wdm.WebDriverManager - Exporting webdriver.chrome.driver as C:\Users\nk171\.cache\selenium\chromedriver\win64\149.0.7827.54\chromedriver.exe
2026-06-06 16:00:28,433 INFO  io.github.bonigarcia.wdm.WebDriverManager - Using chromedriver 149.0.7827.54 (resolved driver for Chrome 149)
2026-06-06 16:00:28,456 INFO  io.github.bonigarcia.wdm.WebDriverManager - Exporting webdriver.chrome.driver as C:\Users\nk171\.cache\selenium\chromedriver\win64\149.0.7827.54\chromedriver.exe
2026-06-06 16:00:43,445 INFO  io.github.bonigarcia.wdm.WebDriverManager - Using chromedriver 149.0.7827.54 (resolved driver for Chrome 149)
2026-06-06 16:00:43,471 INFO  io.github.bonigarcia.wdm.WebDriverManager - Exporting webdriver.chrome.driver as C:\Users\nk171\.cache\selenium\chromedriver\win64\149.0.7827.54\chromedriver.exe
2026-06-06 16:01:08,614 INFO  io.github.bonigarcia.wdm.WebDriverManager - Using chromedriver 149.0.7827.54 (resolved driver for Chrome 149)
2026-06-06 16:01:08,642 INFO  io.github.bonigarcia.wdm.WebDriverManager - Exporting webdriver.chrome.driver as C:\Users\nk171\.cache\selenium\chromedriver\win64\149.0.7827.54\chromedriver.exe
2026-06-06 16:01:23,638 INFO  io.github.bonigarcia.wdm.WebDriverManager - Using chromedriver 149.0.7827.54 (resolved driver for Chrome 149)
2026-06-06 16:01:23,650 INFO  io.github.bonigarcia.wdm.WebDriverManager - Exporting webdriver.chrome.driver as C:\Users\nk171\.cache\selenium\chromedriver\win64\149.0.7827.54\chromedriver.exe
2026-06-06 16:01:40,882 INFO  io.github.bonigarcia.wdm.WebDriverManager - Using chromedriver 149.0.7827.54 (resolved driver for Chrome 149)
2026-06-06 16:01:40,891 INFO  io.github.bonigarcia.wdm.WebDriverManager - Exporting webdriver.chrome.driver as C:\Users\nk171\.cache\selenium\chromedriver\win64\149.0.7827.54\chromedriver.exe
2026-06-06 16:01:58,383 INFO  io.github.bonigarcia.wdm.WebDriverManager - Using chromedriver 149.0.7827.54 (resolved driver for Chrome 149)
2026-06-06 16:01:58,398 INFO  io.github.bonigarcia.wdm.WebDriverManager - Exporting webdriver.chrome.driver as C:\Users\nk171\.cache\selenium\chromedriver\win64\149.0.7827.54\chromedriver.exe
2026-06-06 16:13:28,025 INFO  org.testng.internal.Utils - [TestNG] Running:
  D:\Guru99BankCapstone\Guru99Bank\testng.xml

2026-06-06 16:13:29,053 INFO  io.github.bonigarcia.wdm.WebDriverManager - Using chromedriver 149.0.7827.54 (resolved driver for Chrome 149)
2026-06-06 16:13:29,073 INFO  io.github.bonigarcia.wdm.WebDriverManager - Exporting webdriver.chrome.driver as C:\Users\nk171\.cache\selenium\chromedriver\win64\149.0.7827.54\chromedriver.exe
2026-06-06 16:13:39,657 INFO  io.github.bonigarcia.wdm.WebDriverManager - Using chromedriver 149.0.7827.54 (resolved driver for Chrome 149)
2026-06-06 16:13:39,682 INFO  io.github.bonigarcia.wdm.WebDriverManager - Exporting webdriver.chrome.driver as C:\Users\nk171\.cache\selenium\chromedriver\win64\149.0.7827.54\chromedriver.exe
2026-06-06 16:13:55,739 INFO  io.github.bonigarcia.wdm.WebDriverManager - Using chromedriver 149.0.7827.54 (resolved driver for Chrome 149)
2026-06-06 16:13:55,765 INFO  io.github.bonigarcia.wdm.WebDriverManager - Exporting webdriver.chrome.driver as C:\Users\nk171\.cache\selenium\chromedriver\win64\149.0.7827.54\chromedriver.exe
2026-06-06 16:14:19,061 INFO  io.github.bonigarcia.wdm.WebDriverManager - Using chromedriver 149.0.7827.54 (resolved driver for Chrome 149)
2026-06-06 16:14:19,085 INFO  io.github.bonigarcia.wdm.WebDriverManager - Exporting webdriver.chrome.driver as C:\Users\nk171\.cache\selenium\chromedriver\win64\149.0.7827.54\chromedriver.exe
2026-06-06 16:15:04,678 INFO  io.github.bonigarcia.wdm.WebDriverManager - Using chromedriver 149.0.7827.54 (resolved driver for Chrome 149)
2026-06-06 16:15:04,701 INFO  io.github.bonigarcia.wdm.WebDriverManager - Exporting webdriver.chrome.driver as C:\Users\nk171\.cache\selenium\chromedriver\win64\149.0.7827.54\chromedriver.exe
2026-06-06 16:15:25,749 INFO  io.github.bonigarcia.wdm.WebDriverManager - Using chromedriver 149.0.7827.54 (resolved driver for Chrome 149)
2026-06-06 16:15:25,776 INFO  io.github.bonigarcia.wdm.WebDriverManager - Exporting webdriver.chrome.driver as C:\Users\nk171\.cache\selenium\chromedriver\win64\149.0.7827.54\chromedriver.exe
2026-06-06 16:15:45,013 INFO  io.github.bonigarcia.wdm.WebDriverManager - Using chromedriver 149.0.7827.54 (resolved driver for Chrome 149)
2026-06-06 16:15:45,033 INFO  io.github.bonigarcia.wdm.WebDriverManager - Exporting webdriver.chrome.driver as C:\Users\nk171\.cache\selenium\chromedriver\win64\149.0.7827.54\chromedriver.exe
2026-06-06 16:16:04,358 INFO  io.github.bonigarcia.wdm.WebDriverManager - Using chromedriver 149.0.7827.54 (resolved driver for Chrome 149)
2026-06-06 16:16:04,396 INFO  io.github.bonigarcia.wdm.WebDriverManager - Exporting webdriver.chrome.driver as C:\Users\nk171\.cache\selenium\chromedriver\win64\149.0.7827.54\chromedriver.exe
2026-06-06 16:17:17,306 INFO  org.testng.internal.Utils - [TestNG] Running:
  D:\Guru99BankCapstone\Guru99Bank\testng.xml

2026-06-06 16:17:17,729 INFO  io.github.bonigarcia.wdm.WebDriverManager - Using chromedriver 149.0.7827.54 (resolved driver for Chrome 149)
2026-06-06 16:17:17,809 INFO  io.github.bonigarcia.wdm.WebDriverManager - Exporting webdriver.chrome.driver as C:\Users\nk171\.cache\selenium\chromedriver\win64\149.0.7827.54\chromedriver.exe
2026-06-06 16:17:27,751 INFO  io.github.bonigarcia.wdm.WebDriverManager - Using chromedriver 149.0.7827.54 (resolved driver for Chrome 149)
2026-06-06 16:17:27,775 INFO  io.github.bonigarcia.wdm.WebDriverManager - Exporting webdriver.chrome.driver as C:\Users\nk171\.cache\selenium\chromedriver\win64\149.0.7827.54\chromedriver.exe
2026-06-06 16:17:47,363 INFO  io.github.bonigarcia.wdm.WebDriverManager - Using chromedriver 149.0.7827.54 (resolved driver for Chrome 149)
2026-06-06 16:17:47,397 INFO  io.github.bonigarcia.wdm.WebDriverManager - Exporting webdriver.chrome.driver as C:\Users\nk171\.cache\selenium\chromedriver\win64\149.0.7827.54\chromedriver.exe
2026-06-06 16:18:06,303 INFO  io.github.bonigarcia.wdm.WebDriverManager - Using chromedriver 149.0.7827.54 (resolved driver for Chrome 149)
2026-06-06 16:18:06,327 INFO  io.github.bonigarcia.wdm.WebDriverManager - Exporting webdriver.chrome.driver as C:\Users\nk171\.cache\selenium\chromedriver\win64\149.0.7827.54\chromedriver.exe
2026-06-06 16:18:35,688 INFO  io.github.bonigarcia.wdm.WebDriverManager - Using chromedriver 149.0.7827.54 (resolved driver for Chrome 149)
2026-06-06 16:18:35,709 INFO  io.github.bonigarcia.wdm.WebDriverManager - Exporting webdriver.chrome.driver as C:\Users\nk171\.cache\selenium\chromedriver\win64\149.0.7827.54\chromedriver.exe
2026-06-06 16:19:17,702 INFO  org.testng.internal.Utils - [TestNG] Running:
  D:\Guru99BankCapstone\Guru99Bank\testng.xml

2026-06-06 16:19:18,081 INFO  io.github.bonigarcia.wdm.WebDriverManager - Using chromedriver 149.0.7827.54 (resolved driver for Chrome 149)
2026-06-06 16:19:18,145 INFO  io.github.bonigarcia.wdm.WebDriverManager - Exporting webdriver.chrome.driver as C:\Users\nk171\.cache\selenium\chromedriver\win64\149.0.7827.54\chromedriver.exe
2026-06-06 16:19:33,622 INFO  io.github.bonigarcia.wdm.WebDriverManager - Using chromedriver 149.0.7827.54 (resolved driver for Chrome 149)
2026-06-06 16:19:33,652 INFO  io.github.bonigarcia.wdm.WebDriverManager - Exporting webdriver.chrome.driver as C:\Users\nk171\.cache\selenium\chromedriver\win64\149.0.7827.54\chromedriver.exe
2026-06-06 16:19:57,009 INFO  io.github.bonigarcia.wdm.WebDriverManager - Using chromedriver 149.0.7827.54 (resolved driver for Chrome 149)
2026-06-06 16:19:57,062 INFO  io.github.bonigarcia.wdm.WebDriverManager - Exporting webdriver.chrome.driver as C:\Users\nk171\.cache\selenium\chromedriver\win64\149.0.7827.54\chromedriver.exe
2026-06-06 16:20:29,789 INFO  io.github.bonigarcia.wdm.WebDriverManager - Using chromedriver 149.0.7827.54 (resolved driver for Chrome 149)
2026-06-06 16:20:29,824 INFO  io.github.bonigarcia.wdm.WebDriverManager - Exporting webdriver.chrome.driver as C:\Users\nk171\.cache\selenium\chromedriver\win64\149.0.7827.54\chromedriver.exe
2026-06-06 16:20:43,852 INFO  io.github.bonigarcia.wdm.WebDriverManager - Using chromedriver 149.0.7827.54 (resolved driver for Chrome 149)
2026-06-06 16:20:43,891 INFO  io.github.bonigarcia.wdm.WebDriverManager - Exporting webdriver.chrome.driver as C:\Users\nk171\.cache\selenium\chromedriver\win64\149.0.7827.54\chromedriver.exe
2026-06-06 16:21:00,800 INFO  io.github.bonigarcia.wdm.WebDriverManager - Using chromedriver 149.0.7827.54 (resolved driver for Chrome 149)
2026-06-06 16:21:00,815 INFO  io.github.bonigarcia.wdm.WebDriverManager - Exporting webdriver.chrome.driver as C:\Users\nk171\.cache\selenium\chromedriver\win64\149.0.7827.54\chromedriver.exe
2026-06-06 16:21:16,916 INFO  io.github.bonigarcia.wdm.WebDriverManager - Using chromedriver 149.0.7827.54 (resolved driver for Chrome 149)
2026-06-06 16:21:16,931 INFO  io.github.bonigarcia.wdm.WebDriverManager - Exporting webdriver.chrome.driver as C:\Users\nk171\.cache\selenium\chromedriver\win64\149.0.7827.54\chromedriver.exe
2026-06-06 16:21:31,620 INFO  io.github.bonigarcia.wdm.WebDriverManager - Using chromedriver 149.0.7827.54 (resolved driver for Chrome 149)
2026-06-06 16:21:31,656 INFO  io.github.bonigarcia.wdm.WebDriverManager - Exporting webdriver.chrome.driver as C:\Users\nk171\.cache\selenium\chromedriver\win64\149.0.7827.54\chromedriver.exe
2026-06-06 23:57:46,560 INFO  org.testng.internal.Utils - [TestNG] Running:
  D:\Guru99BankCapstone\Guru99Bank\testng.xml

2026-06-06 23:57:48,427 INFO  io.github.bonigarcia.wdm.WebDriverManager - Using chromedriver 149.0.7827.54 (resolved driver for Chrome 149)
2026-06-06 23:57:48,493 INFO  io.github.bonigarcia.wdm.WebDriverManager - Exporting webdriver.chrome.driver as C:\Users\nk171\.cache\selenium\chromedriver\win64\149.0.7827.54\chromedriver.exe
2026-06-06 23:58:24,948 INFO  io.github.bonigarcia.wdm.WebDriverManager - Using chromedriver 149.0.7827.54 (resolved driver for Chrome 149)
2026-06-06 23:58:24,988 INFO  io.github.bonigarcia.wdm.WebDriverManager - Exporting webdriver.chrome.driver as C:\Users\nk171\.cache\selenium\chromedriver\win64\149.0.7827.54\chromedriver.exe
2026-06-06 23:58:52,486 INFO  io.github.bonigarcia.wdm.WebDriverManager - Using chromedriver 149.0.7827.54 (resolved driver for Chrome 149)
2026-06-06 23:58:52,533 INFO  io.github.bonigarcia.wdm.WebDriverManager - Exporting webdriver.chrome.driver as C:\Users\nk171\.cache\selenium\chromedriver\win64\149.0.7827.54\chromedriver.exe
2026-06-06 23:59:51,000 INFO  io.github.bonigarcia.wdm.WebDriverManager - Using chromedriver 149.0.7827.54 (resolved driver for Chrome 149)
2026-06-06 23:59:51,034 INFO  io.github.bonigarcia.wdm.WebDriverManager - Exporting webdriver.chrome.driver as C:\Users\nk171\.cache\selenium\chromedriver\win64\149.0.7827.54\chromedriver.exe
2026-06-07 00:00:42,989 INFO  io.github.bonigarcia.wdm.WebDriverManager - Using chromedriver 149.0.7827.54 (resolved driver for Chrome 149)
2026-06-07 00:00:43,049 INFO  io.github.bonigarcia.wdm.WebDriverManager - Exporting webdriver.chrome.driver as C:\Users\nk171\.cache\selenium\chromedriver\win64\149.0.7827.54\chromedriver.exe
2026-06-07 00:02:28,729 INFO  io.github.bonigarcia.wdm.WebDriverManager - Using chromedriver 149.0.7827.54 (resolved driver for Chrome 149)
2026-06-07 00:02:28,760 INFO  io.github.bonigarcia.wdm.WebDriverManager - Exporting webdriver.chrome.driver as C:\Users\nk171\.cache\selenium\chromedriver\win64\149.0.7827.54\chromedriver.exe
2026-06-07 00:03:12,360 INFO  io.github.bonigarcia.wdm.WebDriverManager - Using chromedriver 149.0.7827.54 (resolved driver for Chrome 149)
2026-06-07 00:03:12,391 INFO  io.github.bonigarcia.wdm.WebDriverManager - Exporting webdriver.chrome.driver as C:\Users\nk171\.cache\selenium\chromedriver\win64\149.0.7827.54\chromedriver.exe
2026-06-07 00:04:22,614 INFO  io.github.bonigarcia.wdm.WebDriverManager - Using chromedriver 149.0.7827.54 (resolved driver for Chrome 149)
2026-06-07 00:04:22,628 INFO  io.github.bonigarcia.wdm.WebDriverManager - Exporting webdriver.chrome.driver as C:\Users\nk171\.cache\selenium\chromedriver\win64\149.0.7827.54\chromedriver.exe
2026-06-07 00:07:37,641 INFO  org.testng.internal.Utils - [TestNG] Running:
  D:\Guru99BankCapstone\Guru99Bank\testng.xml

2026-06-07 00:07:38,318 INFO  io.github.bonigarcia.wdm.WebDriverManager - Using chromedriver 149.0.7827.54 (resolved driver for Chrome 149)
2026-06-07 00:07:38,517 INFO  io.github.bonigarcia.wdm.WebDriverManager - Exporting webdriver.chrome.driver as C:\Users\nk171\.cache\selenium\chromedriver\win64\149.0.7827.54\chromedriver.exe
2026-06-07 00:10:44,329 INFO  org.testng.internal.Utils - [TestNG] Running:
  D:\Guru99BankCapstone\Guru99Bank\testng.xml

2026-06-07 00:10:45,109 INFO  io.github.bonigarcia.wdm.WebDriverManager - Using chromedriver 149.0.7827.54 (resolved driver for Chrome 149)
2026-06-07 00:10:45,241 INFO  io.github.bonigarcia.wdm.WebDriverManager - Exporting webdriver.chrome.driver as C:\Users\nk171\.cache\selenium\chromedriver\win64\149.0.7827.54\chromedriver.exe
2026-06-07 00:11:10,811 INFO  io.github.bonigarcia.wdm.WebDriverManager - Using chromedriver 149.0.7827.54 (resolved driver for Chrome 149)
2026-06-07 00:11:10,851 INFO  io.github.bonigarcia.wdm.WebDriverManager - Exporting webdriver.chrome.driver as C:\Users\nk171\.cache\selenium\chromedriver\win64\149.0.7827.54\chromedriver.exe
2026-06-07 00:12:11,536 INFO  io.github.bonigarcia.wdm.WebDriverManager - Using chromedriver 149.0.7827.54 (resolved driver for Chrome 149)
2026-06-07 00:12:11,581 INFO  io.github.bonigarcia.wdm.WebDriverManager - Exporting webdriver.chrome.driver as C:\Users\nk171\.cache\selenium\chromedriver\win64\149.0.7827.54\chromedriver.exe
2026-06-07 00:13:27,681 INFO  io.github.bonigarcia.wdm.WebDriverManager - Using chromedriver 149.0.7827.54 (resolved driver for Chrome 149)
2026-06-07 00:13:27,739 INFO  io.github.bonigarcia.wdm.WebDriverManager - Exporting webdriver.chrome.driver as C:\Users\nk171\.cache\selenium\chromedriver\win64\149.0.7827.54\chromedriver.exe
2026-06-07 00:13:52,846 INFO  io.github.bonigarcia.wdm.WebDriverManager - Using chromedriver 149.0.7827.54 (resolved driver for Chrome 149)
2026-06-07 00:13:52,878 INFO  io.github.bonigarcia.wdm.WebDriverManager - Exporting webdriver.chrome.driver as C:\Users\nk171\.cache\selenium\chromedriver\win64\149.0.7827.54\chromedriver.exe
2026-06-07 00:14:45,421 INFO  io.github.bonigarcia.wdm.WebDriverManager - Using chromedriver 149.0.7827.54 (resolved driver for Chrome 149)
2026-06-07 00:14:45,455 INFO  io.github.bonigarcia.wdm.WebDriverManager - Exporting webdriver.chrome.driver as C:\Users\nk171\.cache\selenium\chromedriver\win64\149.0.7827.54\chromedriver.exe
2026-06-07 00:15:31,949 INFO  io.github.bonigarcia.wdm.WebDriverManager - Using chromedriver 149.0.7827.54 (resolved driver for Chrome 149)
2026-06-07 00:15:31,979 INFO  io.github.bonigarcia.wdm.WebDriverManager - Exporting webdriver.chrome.driver as C:\Users\nk171\.cache\selenium\chromedriver\win64\149.0.7827.54\chromedriver.exe
2026-06-07 00:16:13,736 INFO  io.github.bonigarcia.wdm.WebDriverManager - Using chromedriver 149.0.7827.54 (resolved driver for Chrome 149)
2026-06-07 00:16:13,765 INFO  io.github.bonigarcia.wdm.WebDriverManager - Exporting webdriver.chrome.driver as C:\Users\nk171\.cache\selenium\chromedriver\win64\149.0.7827.54\chromedriver.exe
2026-06-07 00:22:32,859 INFO  org.testng.internal.Utils - [TestNG] Running:
  D:\Guru99BankCapstone\Guru99Bank\testng.xml

2026-06-07 00:22:33,418 INFO  io.github.bonigarcia.wdm.WebDriverManager - Using chromedriver 149.0.7827.54 (resolved driver for Chrome 149)
2026-06-07 00:22:33,550 INFO  io.github.bonigarcia.wdm.WebDriverManager - Exporting webdriver.chrome.driver as C:\Users\nk171\.cache\selenium\chromedriver\win64\149.0.7827.54\chromedriver.exe
2026-06-07 00:23:12,494 INFO  io.github.bonigarcia.wdm.WebDriverManager - Using chromedriver 149.0.7827.54 (resolved driver for Chrome 149)
2026-06-07 00:23:12,537 INFO  io.github.bonigarcia.wdm.WebDriverManager - Exporting webdriver.chrome.driver as C:\Users\nk171\.cache\selenium\chromedriver\win64\149.0.7827.54\chromedriver.exe
2026-06-07 00:23:50,514 INFO  io.github.bonigarcia.wdm.WebDriverManager - Using chromedriver 149.0.7827.54 (resolved driver for Chrome 149)
2026-06-07 00:23:50,546 INFO  io.github.bonigarcia.wdm.WebDriverManager - Exporting webdriver.chrome.driver as C:\Users\nk171\.cache\selenium\chromedriver\win64\149.0.7827.54\chromedriver.exe
2026-06-07 00:24:49,527 INFO  io.github.bonigarcia.wdm.WebDriverManager - Using chromedriver 149.0.7827.54 (resolved driver for Chrome 149)
2026-06-07 00:24:49,565 INFO  io.github.bonigarcia.wdm.WebDriverManager - Exporting webdriver.chrome.driver as C:\Users\nk171\.cache\selenium\chromedriver\win64\149.0.7827.54\chromedriver.exe
2026-06-07 00:25:29,441 INFO  io.github.bonigarcia.wdm.WebDriverManager - Using chromedriver 149.0.7827.54 (resolved driver for Chrome 149)
2026-06-07 00:25:29,474 INFO  io.github.bonigarcia.wdm.WebDriverManager - Exporting webdriver.chrome.driver as C:\Users\nk171\.cache\selenium\chromedriver\win64\149.0.7827.54\chromedriver.exe
2026-06-07 00:26:36,025 INFO  io.github.bonigarcia.wdm.WebDriverManager - Using chromedriver 149.0.7827.54 (resolved driver for Chrome 149)
2026-06-07 00:26:36,038 INFO  io.github.bonigarcia.wdm.WebDriverManager - Exporting webdriver.chrome.driver as C:\Users\nk171\.cache\selenium\chromedriver\win64\149.0.7827.54\chromedriver.exe
2026-06-07 00:27:33,835 INFO  io.github.bonigarcia.wdm.WebDriverManager - Using chromedriver 149.0.7827.54 (resolved driver for Chrome 149)
2026-06-07 00:27:33,863 INFO  io.github.bonigarcia.wdm.WebDriverManager - Exporting webdriver.chrome.driver as C:\Users\nk171\.cache\selenium\chromedriver\win64\149.0.7827.54\chromedriver.exe
2026-06-07 00:28:20,811 INFO  io.github.bonigarcia.wdm.WebDriverManager - Using chromedriver 149.0.7827.54 (resolved driver for Chrome 149)
2026-06-07 00:28:20,837 INFO  io.github.bonigarcia.wdm.WebDriverManager - Exporting webdriver.chrome.driver as C:\Users\nk171\.cache\selenium\chromedriver\win64\149.0.7827.54\chromedriver.exe
2026-06-07 00:30:35,373 INFO  org.testng.internal.Utils - [TestNG] Running:
  D:\Guru99BankCapstone\Guru99Bank\testng.xml

2026-06-07 00:30:35,910 INFO  io.github.bonigarcia.wdm.WebDriverManager - Using chromedriver 149.0.7827.54 (resolved driver for Chrome 149)
2026-06-07 00:30:36,075 INFO  io.github.bonigarcia.wdm.WebDriverManager - Exporting webdriver.chrome.driver as C:\Users\nk171\.cache\selenium\chromedriver\win64\149.0.7827.54\chromedriver.exe
2026-06-07 00:31:05,506 INFO  io.github.bonigarcia.wdm.WebDriverManager - Using chromedriver 149.0.7827.54 (resolved driver for Chrome 149)
2026-06-07 00:31:05,543 INFO  io.github.bonigarcia.wdm.WebDriverManager - Exporting webdriver.chrome.driver as C:\Users\nk171\.cache\selenium\chromedriver\win64\149.0.7827.54\chromedriver.exe
2026-06-07 00:31:23,039 INFO  io.github.bonigarcia.wdm.WebDriverManager - Using chromedriver 149.0.7827.54 (resolved driver for Chrome 149)
2026-06-07 00:31:23,098 INFO  io.github.bonigarcia.wdm.WebDriverManager - Exporting webdriver.chrome.driver as C:\Users\nk171\.cache\selenium\chromedriver\win64\149.0.7827.54\chromedriver.exe
2026-06-07 00:32:08,210 INFO  io.github.bonigarcia.wdm.WebDriverManager - Using chromedriver 149.0.7827.54 (resolved driver for Chrome 149)
2026-06-07 00:32:08,244 INFO  io.github.bonigarcia.wdm.WebDriverManager - Exporting webdriver.chrome.driver as C:\Users\nk171\.cache\selenium\chromedriver\win64\149.0.7827.54\chromedriver.exe
2026-06-07 00:33:02,053 INFO  io.github.bonigarcia.wdm.WebDriverManager - Using chromedriver 149.0.7827.54 (resolved driver for Chrome 149)
2026-06-07 00:33:02,086 INFO  io.github.bonigarcia.wdm.WebDriverManager - Exporting webdriver.chrome.driver as C:\Users\nk171\.cache\selenium\chromedriver\win64\149.0.7827.54\chromedriver.exe
2026-06-07 00:34:24,719 INFO  io.github.bonigarcia.wdm.WebDriverManager - Using chromedriver 149.0.7827.54 (resolved driver for Chrome 149)
2026-06-07 00:34:24,752 INFO  io.github.bonigarcia.wdm.WebDriverManager - Exporting webdriver.chrome.driver as C:\Users\nk171\.cache\selenium\chromedriver\win64\149.0.7827.54\chromedriver.exe
2026-06-07 00:35:19,867 INFO  io.github.bonigarcia.wdm.WebDriverManager - Using chromedriver 149.0.7827.54 (resolved driver for Chrome 149)
2026-06-07 00:35:19,899 INFO  io.github.bonigarcia.wdm.WebDriverManager - Exporting webdriver.chrome.driver as C:\Users\nk171\.cache\selenium\chromedriver\win64\149.0.7827.54\chromedriver.exe
2026-06-07 00:36:22,336 INFO  io.github.bonigarcia.wdm.WebDriverManager - Using chromedriver 149.0.7827.54 (resolved driver for Chrome 149)
2026-06-07 00:36:22,365 INFO  io.github.bonigarcia.wdm.WebDriverManager - Exporting webdriver.chrome.driver as C:\Users\nk171\.cache\selenium\chromedriver\win64\149.0.7827.54\chromedriver.exe
2026-06-07 11:42:42,135 INFO  org.testng.internal.Utils - [TestNG] Running:
  D:\Guru99BankCapstone\Guru99Bank\testng.xml

2026-06-07 11:42:43,736 INFO  io.github.bonigarcia.wdm.WebDriverManager - Using chromedriver 149.0.7827.54 (resolved driver for Chrome 149)
2026-06-07 11:42:43,772 INFO  io.github.bonigarcia.wdm.WebDriverManager - Exporting webdriver.chrome.driver as C:\Users\nk171\.cache\selenium\chromedriver\win64\149.0.7827.54\chromedriver.exe
2026-06-07 11:43:18,009 INFO  io.github.bonigarcia.wdm.WebDriverManager - Using chromedriver 149.0.7827.54 (resolved driver for Chrome 149)
2026-06-07 11:43:18,049 INFO  io.github.bonigarcia.wdm.WebDriverManager - Exporting webdriver.chrome.driver as C:\Users\nk171\.cache\selenium\chromedriver\win64\149.0.7827.54\chromedriver.exe
2026-06-07 11:43:39,054 INFO  io.github.bonigarcia.wdm.WebDriverManager - Using chromedriver 149.0.7827.54 (resolved driver for Chrome 149)
2026-06-07 11:43:39,096 INFO  io.github.bonigarcia.wdm.WebDriverManager - Exporting webdriver.chrome.driver as C:\Users\nk171\.cache\selenium\chromedriver\win64\149.0.7827.54\chromedriver.exe
2026-06-07 11:44:26,920 INFO  io.github.bonigarcia.wdm.WebDriverManager - Using chromedriver 149.0.7827.54 (resolved driver for Chrome 149)
2026-06-07 11:44:26,947 INFO  io.github.bonigarcia.wdm.WebDriverManager - Exporting webdriver.chrome.driver as C:\Users\nk171\.cache\selenium\chromedriver\win64\149.0.7827.54\chromedriver.exe
2026-06-07 11:45:12,752 INFO  io.github.bonigarcia.wdm.WebDriverManager - Using chromedriver 149.0.7827.54 (resolved driver for Chrome 149)
2026-06-07 11:45:12,776 INFO  io.github.bonigarcia.wdm.WebDriverManager - Exporting webdriver.chrome.driver as C:\Users\nk171\.cache\selenium\chromedriver\win64\149.0.7827.54\chromedriver.exe
2026-06-07 11:45:58,811 INFO  io.github.bonigarcia.wdm.WebDriverManager - Using chromedriver 149.0.7827.54 (resolved driver for Chrome 149)
2026-06-07 11:45:58,853 INFO  io.github.bonigarcia.wdm.WebDriverManager - Exporting webdriver.chrome.driver as C:\Users\nk171\.cache\selenium\chromedriver\win64\149.0.7827.54\chromedriver.exe
2026-06-07 11:46:44,990 INFO  io.github.bonigarcia.wdm.WebDriverManager - Using chromedriver 149.0.7827.54 (resolved driver for Chrome 149)
2026-06-07 11:46:45,013 INFO  io.github.bonigarcia.wdm.WebDriverManager - Exporting webdriver.chrome.driver as C:\Users\nk171\.cache\selenium\chromedriver\win64\149.0.7827.54\chromedriver.exe
2026-06-07 11:47:24,162 INFO  io.github.bonigarcia.wdm.WebDriverManager - Using chromedriver 149.0.7827.54 (resolved driver for Chrome 149)
2026-06-07 11:47:24,185 INFO  io.github.bonigarcia.wdm.WebDriverManager - Exporting webdriver.chrome.driver as C:\Users\nk171\.cache\selenium\chromedriver\win64\149.0.7827.54\chromedriver.exe
2026-06-07 12:21:37,963 INFO  org.testng.internal.Utils - [TestNG] Running:
  C:\Users\nk171\git\WiproCapstone_Guru99Bank\Guru99Bank\testng.xml

2026-06-07 12:21:39,216 INFO  io.github.bonigarcia.wdm.WebDriverManager - Using chromedriver 149.0.7827.54 (resolved driver for Chrome 149)
2026-06-07 12:21:39,303 INFO  io.github.bonigarcia.wdm.WebDriverManager - Exporting webdriver.chrome.driver as C:\Users\nk171\.cache\selenium\chromedriver\win64\149.0.7827.54\chromedriver.exe
2026-06-07 12:22:11,144 INFO  io.github.bonigarcia.wdm.WebDriverManager - Using chromedriver 149.0.7827.54 (resolved driver for Chrome 149)
2026-06-07 12:22:11,158 INFO  io.github.bonigarcia.wdm.WebDriverManager - Exporting webdriver.chrome.driver as C:\Users\nk171\.cache\selenium\chromedriver\win64\149.0.7827.54\chromedriver.exe
2026-06-07 12:22:36,612 INFO  io.github.bonigarcia.wdm.WebDriverManager - Using chromedriver 149.0.7827.54 (resolved driver for Chrome 149)
2026-06-07 12:22:36,624 INFO  io.github.bonigarcia.wdm.WebDriverManager - Exporting webdriver.chrome.driver as C:\Users\nk171\.cache\selenium\chromedriver\win64\149.0.7827.54\chromedriver.exe
2026-06-07 12:23:11,539 INFO  io.github.bonigarcia.wdm.WebDriverManager - Using chromedriver 149.0.7827.54 (resolved driver for Chrome 149)
2026-06-07 12:23:11,558 INFO  io.github.bonigarcia.wdm.WebDriverManager - Exporting webdriver.chrome.driver as C:\Users\nk171\.cache\selenium\chromedriver\win64\149.0.7827.54\chromedriver.exe
2026-06-07 12:23:44,721 INFO  io.github.bonigarcia.wdm.WebDriverManager - Using chromedriver 149.0.7827.54 (resolved driver for Chrome 149)
2026-06-07 12:23:44,736 INFO  io.github.bonigarcia.wdm.WebDriverManager - Exporting webdriver.chrome.driver as C:\Users\nk171\.cache\selenium\chromedriver\win64\149.0.7827.54\chromedriver.exe
2026-06-07 12:24:38,123 INFO  io.github.bonigarcia.wdm.WebDriverManager - Using chromedriver 149.0.7827.54 (resolved driver for Chrome 149)
2026-06-07 12:24:38,139 INFO  io.github.bonigarcia.wdm.WebDriverManager - Exporting webdriver.chrome.driver as C:\Users\nk171\.cache\selenium\chromedriver\win64\149.0.7827.54\chromedriver.exe
2026-06-07 12:25:15,848 INFO  io.github.bonigarcia.wdm.WebDriverManager - Using chromedriver 149.0.7827.54 (resolved driver for Chrome 149)
2026-06-07 12:25:15,862 INFO  io.github.bonigarcia.wdm.WebDriverManager - Exporting webdriver.chrome.driver as C:\Users\nk171\.cache\selenium\chromedriver\win64\149.0.7827.54\chromedriver.exe
2026-06-07 12:26:18,395 INFO  io.github.bonigarcia.wdm.WebDriverManager - Using chromedriver 149.0.7827.54 (resolved driver for Chrome 149)
2026-06-07 12:26:18,408 INFO  io.github.bonigarcia.wdm.WebDriverManager - Exporting webdriver.chrome.driver as C:\Users\nk171\.cache\selenium\chromedriver\win64\149.0.7827.54\chromedriver.exe
2026-06-07 12:27:15,783 INFO  org.testng.internal.Utils - [TestNG] Running:
  C:\Users\nk171\git\WiproCapstone_Guru99Bank\Guru99Bank\testng.xml

2026-06-07 12:27:16,221 INFO  io.github.bonigarcia.wdm.WebDriverManager - Using chromedriver 149.0.7827.54 (resolved driver for Chrome 149)
2026-06-07 12:27:16,300 INFO  io.github.bonigarcia.wdm.WebDriverManager - Exporting webdriver.chrome.driver as C:\Users\nk171\.cache\selenium\chromedriver\win64\149.0.7827.54\chromedriver.exe
2026-06-07 12:27:33,856 INFO  io.github.bonigarcia.wdm.WebDriverManager - Using chromedriver 149.0.7827.54 (resolved driver for Chrome 149)
2026-06-07 12:27:33,871 INFO  io.github.bonigarcia.wdm.WebDriverManager - Exporting webdriver.chrome.driver as C:\Users\nk171\.cache\selenium\chromedriver\win64\149.0.7827.54\chromedriver.exe
2026-06-07 12:27:57,311 INFO  io.github.bonigarcia.wdm.WebDriverManager - Using chromedriver 149.0.7827.54 (resolved driver for Chrome 149)
2026-06-07 12:27:57,328 INFO  io.github.bonigarcia.wdm.WebDriverManager - Exporting webdriver.chrome.driver as C:\Users\nk171\.cache\selenium\chromedriver\win64\149.0.7827.54\chromedriver.exe
2026-06-07 12:28:33,862 INFO  io.github.bonigarcia.wdm.WebDriverManager - Using chromedriver 149.0.7827.54 (resolved driver for Chrome 149)
2026-06-07 12:28:33,879 INFO  io.github.bonigarcia.wdm.WebDriverManager - Exporting webdriver.chrome.driver as C:\Users\nk171\.cache\selenium\chromedriver\win64\149.0.7827.54\chromedriver.exe
2026-06-07 12:29:22,633 INFO  io.github.bonigarcia.wdm.WebDriverManager - Using chromedriver 149.0.7827.54 (resolved driver for Chrome 149)
2026-06-07 12:29:22,645 INFO  io.github.bonigarcia.wdm.WebDriverManager - Exporting webdriver.chrome.driver as C:\Users\nk171\.cache\selenium\chromedriver\win64\149.0.7827.54\chromedriver.exe
2026-06-07 12:29:45,572 INFO  io.github.bonigarcia.wdm.WebDriverManager - Using chromedriver 149.0.7827.54 (resolved driver for Chrome 149)
2026-06-07 12:29:45,588 INFO  io.github.bonigarcia.wdm.WebDriverManager - Exporting webdriver.chrome.driver as C:\Users\nk171\.cache\selenium\chromedriver\win64\149.0.7827.54\chromedriver.exe
2026-06-07 12:32:37,577 INFO  org.testng.internal.Utils - [TestNG] Running:
  C:\Users\nk171\git\WiproCapstone_Guru99Bank\Guru99Bank\testng.xml

2026-06-07 12:32:38,023 INFO  io.github.bonigarcia.wdm.WebDriverManager - Using chromedriver 149.0.7827.54 (resolved driver for Chrome 149)
2026-06-07 12:32:38,088 INFO  io.github.bonigarcia.wdm.WebDriverManager - Exporting webdriver.chrome.driver as C:\Users\nk171\.cache\selenium\chromedriver\win64\149.0.7827.54\chromedriver.exe
2026-06-07 12:33:32,657 INFO  io.github.bonigarcia.wdm.WebDriverManager - Using chromedriver 149.0.7827.54 (resolved driver for Chrome 149)
2026-06-07 12:33:32,673 INFO  io.github.bonigarcia.wdm.WebDriverManager - Exporting webdriver.chrome.driver as C:\Users\nk171\.cache\selenium\chromedriver\win64\149.0.7827.54\chromedriver.exe
2026-06-07 12:34:03,845 INFO  io.github.bonigarcia.wdm.WebDriverManager - Using chromedriver 149.0.7827.54 (resolved driver for Chrome 149)
2026-06-07 12:34:03,864 INFO  io.github.bonigarcia.wdm.WebDriverManager - Exporting webdriver.chrome.driver as C:\Users\nk171\.cache\selenium\chromedriver\win64\149.0.7827.54\chromedriver.exe
2026-06-07 12:35:01,779 INFO  io.github.bonigarcia.wdm.WebDriverManager - Using chromedriver 149.0.7827.54 (resolved driver for Chrome 149)
2026-06-07 12:35:01,793 INFO  io.github.bonigarcia.wdm.WebDriverManager - Exporting webdriver.chrome.driver as C:\Users\nk171\.cache\selenium\chromedriver\win64\149.0.7827.54\chromedriver.exe
2026-06-07 12:36:17,222 INFO  io.github.bonigarcia.wdm.WebDriverManager - Using chromedriver 149.0.7827.54 (resolved driver for Chrome 149)
2026-06-07 12:36:17,236 INFO  io.github.bonigarcia.wdm.WebDriverManager - Exporting webdriver.chrome.driver as C:\Users\nk171\.cache\selenium\chromedriver\win64\149.0.7827.54\chromedriver.exe
2026-06-07 12:37:03,869 INFO  io.github.bonigarcia.wdm.WebDriverManager - Using chromedriver 149.0.7827.54 (resolved driver for Chrome 149)
2026-06-07 12:37:03,882 INFO  io.github.bonigarcia.wdm.WebDriverManager - Exporting webdriver.chrome.driver as C:\Users\nk171\.cache\selenium\chromedriver\win64\149.0.7827.54\chromedriver.exe
2026-06-07 12:37:45,316 INFO  io.github.bonigarcia.wdm.WebDriverManager - Using chromedriver 149.0.7827.54 (resolved driver for Chrome 149)
2026-06-07 12:37:45,342 INFO  io.github.bonigarcia.wdm.WebDriverManager - Exporting webdriver.chrome.driver as C:\Users\nk171\.cache\selenium\chromedriver\win64\149.0.7827.54\chromedriver.exe
2026-06-07 12:38:26,268 INFO  io.github.bonigarcia.wdm.WebDriverManager - Using chromedriver 149.0.7827.54 (resolved driver for Chrome 149)
2026-06-07 12:38:26,312 INFO  io.github.bonigarcia.wdm.WebDriverManager - Exporting webdriver.chrome.driver as C:\Users\nk171\.cache\selenium\chromedriver\win64\149.0.7827.54\chromedriver.exe
2026-06-07 12:54:36,504 INFO  org.testng.internal.Utils - [TestNG] Running:
  C:\Users\nk171\git\WiproCapstone_Guru99Bank\Guru99Bank\testng.xml

2026-06-07 12:54:37,740 INFO  io.github.bonigarcia.wdm.WebDriverManager - Using chromedriver 149.0.7827.54 (resolved driver for Chrome 149)
2026-06-07 12:54:37,766 INFO  io.github.bonigarcia.wdm.WebDriverManager - Exporting webdriver.chrome.driver as C:\Users\nk171\.cache\selenium\chromedriver\win64\149.0.7827.54\chromedriver.exe
2026-06-07 12:55:17,750 INFO  io.github.bonigarcia.wdm.WebDriverManager - Using chromedriver 149.0.7827.54 (resolved driver for Chrome 149)
2026-06-07 12:55:17,768 INFO  io.github.bonigarcia.wdm.WebDriverManager - Exporting webdriver.chrome.driver as C:\Users\nk171\.cache\selenium\chromedriver\win64\149.0.7827.54\chromedriver.exe
2026-06-07 12:55:46,059 INFO  io.github.bonigarcia.wdm.WebDriverManager - Using chromedriver 149.0.7827.54 (resolved driver for Chrome 149)
2026-06-07 12:55:46,076 INFO  io.github.bonigarcia.wdm.WebDriverManager - Exporting webdriver.chrome.driver as C:\Users\nk171\.cache\selenium\chromedriver\win64\149.0.7827.54\chromedriver.exe
2026-06-07 12:56:50,679 INFO  io.github.bonigarcia.wdm.WebDriverManager - Using chromedriver 149.0.7827.54 (resolved driver for Chrome 149)
2026-06-07 12:56:50,690 INFO  io.github.bonigarcia.wdm.WebDriverManager - Exporting webdriver.chrome.driver as C:\Users\nk171\.cache\selenium\chromedriver\win64\149.0.7827.54\chromedriver.exe
2026-06-07 12:57:28,672 INFO  io.github.bonigarcia.wdm.WebDriverManager - Using chromedriver 149.0.7827.54 (resolved driver for Chrome 149)
2026-06-07 12:57:28,684 INFO  io.github.bonigarcia.wdm.WebDriverManager - Exporting webdriver.chrome.driver as C:\Users\nk171\.cache\selenium\chromedriver\win64\149.0.7827.54\chromedriver.exe
2026-06-07 12:58:16,847 INFO  io.github.bonigarcia.wdm.WebDriverManager - Using chromedriver 149.0.7827.54 (resolved driver for Chrome 149)
2026-06-07 12:58:16,858 INFO  io.github.bonigarcia.wdm.WebDriverManager - Exporting webdriver.chrome.driver as C:\Users\nk171\.cache\selenium\chromedriver\win64\149.0.7827.54\chromedriver.exe
2026-06-07 12:59:58,963 INFO  io.github.bonigarcia.wdm.WebDriverManager - Using chromedriver 149.0.7827.54 (resolved driver for Chrome 149)
2026-06-07 12:59:58,979 INFO  io.github.bonigarcia.wdm.WebDriverManager - Exporting webdriver.chrome.driver as C:\Users\nk171\.cache\selenium\chromedriver\win64\149.0.7827.54\chromedriver.exe
2026-06-07 13:00:32,577 INFO  io.github.bonigarcia.wdm.WebDriverManager - Using chromedriver 149.0.7827.54 (resolved driver for Chrome 149)
2026-06-07 13:00:32,588 INFO  io.github.bonigarcia.wdm.WebDriverManager - Exporting webdriver.chrome.driver as C:\Users\nk171\.cache\selenium\chromedriver\win64\149.0.7827.54\chromedriver.exe
2026-06-07 13:09:11,410 INFO  org.testng.internal.Utils - [TestNG] Running:
  C:\Users\nk171\git\WiproCapstone_Guru99Bank\Guru99Bank\testng.xml

2026-06-07 13:09:11,825 INFO  io.github.bonigarcia.wdm.WebDriverManager - Using chromedriver 149.0.7827.54 (resolved driver for Chrome 149)
2026-06-07 13:09:11,887 INFO  io.github.bonigarcia.wdm.WebDriverManager - Exporting webdriver.chrome.driver as C:\Users\nk171\.cache\selenium\chromedriver\win64\149.0.7827.54\chromedriver.exe
2026-06-07 13:09:45,456 INFO  io.github.bonigarcia.wdm.WebDriverManager - Using chromedriver 149.0.7827.54 (resolved driver for Chrome 149)
2026-06-07 13:09:45,469 INFO  io.github.bonigarcia.wdm.WebDriverManager - Exporting webdriver.chrome.driver as C:\Users\nk171\.cache\selenium\chromedriver\win64\149.0.7827.54\chromedriver.exe
2026-06-07 13:10:10,373 INFO  io.github.bonigarcia.wdm.WebDriverManager - Using chromedriver 149.0.7827.54 (resolved driver for Chrome 149)
2026-06-07 13:10:10,387 INFO  io.github.bonigarcia.wdm.WebDriverManager - Exporting webdriver.chrome.driver as C:\Users\nk171\.cache\selenium\chromedriver\win64\149.0.7827.54\chromedriver.exe
2026-06-07 13:10:51,230 INFO  io.github.bonigarcia.wdm.WebDriverManager - Using chromedriver 149.0.7827.54 (resolved driver for Chrome 149)
2026-06-07 13:10:51,242 INFO  io.github.bonigarcia.wdm.WebDriverManager - Exporting webdriver.chrome.driver as C:\Users\nk171\.cache\selenium\chromedriver\win64\149.0.7827.54\chromedriver.exe
2026-06-07 13:11:37,763 INFO  io.github.bonigarcia.wdm.WebDriverManager - Using chromedriver 149.0.7827.54 (resolved driver for Chrome 149)
2026-06-07 13:11:37,774 INFO  io.github.bonigarcia.wdm.WebDriverManager - Exporting webdriver.chrome.driver as C:\Users\nk171\.cache\selenium\chromedriver\win64\149.0.7827.54\chromedriver.exe
2026-06-07 13:12:24,613 INFO  io.github.bonigarcia.wdm.WebDriverManager - Using chromedriver 149.0.7827.54 (resolved driver for Chrome 149)
2026-06-07 13:12:24,624 INFO  io.github.bonigarcia.wdm.WebDriverManager - Exporting webdriver.chrome.driver as C:\Users\nk171\.cache\selenium\chromedriver\win64\149.0.7827.54\chromedriver.exe
2026-06-07 13:13:24,916 INFO  io.github.bonigarcia.wdm.WebDriverManager - Using chromedriver 149.0.7827.54 (resolved driver for Chrome 149)
2026-06-07 13:13:24,931 INFO  io.github.bonigarcia.wdm.WebDriverManager - Exporting webdriver.chrome.driver as C:\Users\nk171\.cache\selenium\chromedriver\win64\149.0.7827.54\chromedriver.exe
2026-06-07 13:14:09,582 INFO  io.github.bonigarcia.wdm.WebDriverManager - Using chromedriver 149.0.7827.54 (resolved driver for Chrome 149)
2026-06-07 13:14:09,593 INFO  io.github.bonigarcia.wdm.WebDriverManager - Exporting webdriver.chrome.driver as C:\Users\nk171\.cache\selenium\chromedriver\win64\149.0.7827.54\chromedriver.exe
2026-06-07 13:22:24,674 INFO  org.testng.internal.Utils - [TestNG] Running:
  C:\Users\nk171\git\WiproCapstone_Guru99Bank\Guru99Bank\testng.xml

2026-06-07 13:22:25,082 INFO  io.github.bonigarcia.wdm.WebDriverManager - Using chromedriver 149.0.7827.54 (resolved driver for Chrome 149)
2026-06-07 13:22:25,146 INFO  io.github.bonigarcia.wdm.WebDriverManager - Exporting webdriver.chrome.driver as C:\Users\nk171\.cache\selenium\chromedriver\win64\149.0.7827.54\chromedriver.exe
2026-06-07 13:22:51,508 INFO  io.github.bonigarcia.wdm.WebDriverManager - Using chromedriver 149.0.7827.54 (resolved driver for Chrome 149)
2026-06-07 13:22:51,522 INFO  io.github.bonigarcia.wdm.WebDriverManager - Exporting webdriver.chrome.driver as C:\Users\nk171\.cache\selenium\chromedriver\win64\149.0.7827.54\chromedriver.exe
2026-06-07 13:23:21,810 INFO  io.github.bonigarcia.wdm.WebDriverManager - Using chromedriver 149.0.7827.54 (resolved driver for Chrome 149)
2026-06-07 13:23:21,832 INFO  io.github.bonigarcia.wdm.WebDriverManager - Exporting webdriver.chrome.driver as C:\Users\nk171\.cache\selenium\chromedriver\win64\149.0.7827.54\chromedriver.exe
2026-06-07 13:24:28,657 INFO  io.github.bonigarcia.wdm.WebDriverManager - Using chromedriver 149.0.7827.54 (resolved driver for Chrome 149)
2026-06-07 13:24:28,673 INFO  io.github.bonigarcia.wdm.WebDriverManager - Exporting webdriver.chrome.driver as C:\Users\nk171\.cache\selenium\chromedriver\win64\149.0.7827.54\chromedriver.exe
2026-06-07 13:25:03,842 INFO  io.github.bonigarcia.wdm.WebDriverManager - Using chromedriver 149.0.7827.54 (resolved driver for Chrome 149)
2026-06-07 13:25:03,851 INFO  io.github.bonigarcia.wdm.WebDriverManager - Exporting webdriver.chrome.driver as C:\Users\nk171\.cache\selenium\chromedriver\win64\149.0.7827.54\chromedriver.exe
2026-06-07 13:26:01,334 INFO  io.github.bonigarcia.wdm.WebDriverManager - Using chromedriver 149.0.7827.54 (resolved driver for Chrome 149)
2026-06-07 13:26:01,347 INFO  io.github.bonigarcia.wdm.WebDriverManager - Exporting webdriver.chrome.driver as C:\Users\nk171\.cache\selenium\chromedriver\win64\149.0.7827.54\chromedriver.exe
2026-06-07 13:26:37,791 INFO  io.github.bonigarcia.wdm.WebDriverManager - Using chromedriver 149.0.7827.54 (resolved driver for Chrome 149)
2026-06-07 13:26:37,803 INFO  io.github.bonigarcia.wdm.WebDriverManager - Exporting webdriver.chrome.driver as C:\Users\nk171\.cache\selenium\chromedriver\win64\149.0.7827.54\chromedriver.exe
2026-06-07 13:27:31,074 INFO  io.github.bonigarcia.wdm.WebDriverManager - Using chromedriver 149.0.7827.54 (resolved driver for Chrome 149)
2026-06-07 13:27:31,084 INFO  io.github.bonigarcia.wdm.WebDriverManager - Exporting webdriver.chrome.driver as C:\Users\nk171\.cache\selenium\chromedriver\win64\149.0.7827.54\chromedriver.exe
2026-06-07 13:35:10,489 INFO  io.github.bonigarcia.wdm.WebDriverManager - Using chromedriver 149.0.7827.54 (resolved driver for Chrome 149)
2026-06-07 13:35:10,519 INFO  io.github.bonigarcia.wdm.WebDriverManager - Exporting webdriver.chrome.driver as C:\Users\nk171\.cache\selenium\chromedriver\win64\149.0.7827.54\chromedriver.exe
2026-06-07 13:35:49,446 INFO  io.github.bonigarcia.wdm.WebDriverManager - Using chromedriver 149.0.7827.54 (resolved driver for Chrome 149)
2026-06-07 13:35:49,459 INFO  io.github.bonigarcia.wdm.WebDriverManager - Exporting webdriver.chrome.driver as C:\Users\nk171\.cache\selenium\chromedriver\win64\149.0.7827.54\chromedriver.exe
2026-06-07 13:36:15,471 INFO  io.github.bonigarcia.wdm.WebDriverManager - Using chromedriver 149.0.7827.54 (resolved driver for Chrome 149)
2026-06-07 13:36:15,482 INFO  io.github.bonigarcia.wdm.WebDriverManager - Exporting webdriver.chrome.driver as C:\Users\nk171\.cache\selenium\chromedriver\win64\149.0.7827.54\chromedriver.exe
2026-06-07 13:36:48,832 INFO  io.github.bonigarcia.wdm.WebDriverManager - Using chromedriver 149.0.7827.54 (resolved driver for Chrome 149)
2026-06-07 13:36:48,841 INFO  io.github.bonigarcia.wdm.WebDriverManager - Exporting webdriver.chrome.driver as C:\Users\nk171\.cache\selenium\chromedriver\win64\149.0.7827.54\chromedriver.exe
2026-06-07 13:38:28,032 INFO  io.github.bonigarcia.wdm.WebDriverManager - Using chromedriver 149.0.7827.54 (resolved driver for Chrome 149)
2026-06-07 13:38:28,043 INFO  io.github.bonigarcia.wdm.WebDriverManager - Exporting webdriver.chrome.driver as C:\Users\nk171\.cache\selenium\chromedriver\win64\149.0.7827.54\chromedriver.exe
2026-06-07 13:39:28,884 INFO  io.github.bonigarcia.wdm.WebDriverManager - Using chromedriver 149.0.7827.54 (resolved driver for Chrome 149)
2026-06-07 13:39:28,896 INFO  io.github.bonigarcia.wdm.WebDriverManager - Exporting webdriver.chrome.driver as C:\Users\nk171\.cache\selenium\chromedriver\win64\149.0.7827.54\chromedriver.exe
2026-06-07 13:40:27,620 INFO  io.github.bonigarcia.wdm.WebDriverManager - Using chromedriver 149.0.7827.54 (resolved driver for Chrome 149)
2026-06-07 13:40:27,632 INFO  io.github.bonigarcia.wdm.WebDriverManager - Exporting webdriver.chrome.driver as C:\Users\nk171\.cache\selenium\chromedriver\win64\149.0.7827.54\chromedriver.exe
2026-06-07 13:41:01,831 INFO  io.github.bonigarcia.wdm.WebDriverManager - Using chromedriver 149.0.7827.54 (resolved driver for Chrome 149)
2026-06-07 13:41:01,841 INFO  io.github.bonigarcia.wdm.WebDriverManager - Exporting webdriver.chrome.driver as C:\Users\nk171\.cache\selenium\chromedriver\win64\149.0.7827.54\chromedriver.exe
2026-06-07 14:05:36,958 INFO  org.testng.internal.Utils - [TestNG] Running:
  C:\Users\nk171\git\WiproCapstone_Guru99Bank\Guru99Bank\testng.xml

2026-06-07 14:05:38,164 INFO  io.github.bonigarcia.wdm.WebDriverManager - Using chromedriver 149.0.7827.54 (resolved driver for Chrome 149)
2026-06-07 14:05:38,187 INFO  io.github.bonigarcia.wdm.WebDriverManager - Exporting webdriver.chrome.driver as C:\Users\nk171\.cache\selenium\chromedriver\win64\149.0.7827.54\chromedriver.exe
2026-06-07 14:06:07,605 INFO  io.github.bonigarcia.wdm.WebDriverManager - Using chromedriver 149.0.7827.54 (resolved driver for Chrome 149)
2026-06-07 14:06:07,618 INFO  io.github.bonigarcia.wdm.WebDriverManager - Exporting webdriver.chrome.driver as C:\Users\nk171\.cache\selenium\chromedriver\win64\149.0.7827.54\chromedriver.exe
2026-06-07 14:06:37,042 INFO  io.github.bonigarcia.wdm.WebDriverManager - Using chromedriver 149.0.7827.54 (resolved driver for Chrome 149)
2026-06-07 14:06:37,054 INFO  io.github.bonigarcia.wdm.WebDriverManager - Exporting webdriver.chrome.driver as C:\Users\nk171\.cache\selenium\chromedriver\win64\149.0.7827.54\chromedriver.exe
2026-06-07 14:07:16,420 INFO  io.github.bonigarcia.wdm.WebDriverManager - Using chromedriver 149.0.7827.54 (resolved driver for Chrome 149)
2026-06-07 14:07:16,436 INFO  io.github.bonigarcia.wdm.WebDriverManager - Exporting webdriver.chrome.driver as C:\Users\nk171\.cache\selenium\chromedriver\win64\149.0.7827.54\chromedriver.exe
2026-06-07 14:08:23,453 INFO  io.github.bonigarcia.wdm.WebDriverManager - Using chromedriver 149.0.7827.54 (resolved driver for Chrome 149)
2026-06-07 14:08:23,464 INFO  io.github.bonigarcia.wdm.WebDriverManager - Exporting webdriver.chrome.driver as C:\Users\nk171\.cache\selenium\chromedriver\win64\149.0.7827.54\chromedriver.exe
2026-06-07 14:09:34,154 INFO  io.github.bonigarcia.wdm.WebDriverManager - Using chromedriver 149.0.7827.54 (resolved driver for Chrome 149)
2026-06-07 14:09:34,166 INFO  io.github.bonigarcia.wdm.WebDriverManager - Exporting webdriver.chrome.driver as C:\Users\nk171\.cache\selenium\chromedriver\win64\149.0.7827.54\chromedriver.exe
2026-06-07 14:10:21,403 INFO  io.github.bonigarcia.wdm.WebDriverManager - Using chromedriver 149.0.7827.54 (resolved driver for Chrome 149)
2026-06-07 14:10:21,416 INFO  io.github.bonigarcia.wdm.WebDriverManager - Exporting webdriver.chrome.driver as C:\Users\nk171\.cache\selenium\chromedriver\win64\149.0.7827.54\chromedriver.exe
2026-06-07 14:11:10,891 INFO  io.github.bonigarcia.wdm.WebDriverManager - Using chromedriver 149.0.7827.54 (resolved driver for Chrome 149)
2026-06-07 14:11:10,904 INFO  io.github.bonigarcia.wdm.WebDriverManager - Exporting webdriver.chrome.driver as C:\Users\nk171\.cache\selenium\chromedriver\win64\149.0.7827.54\chromedriver.exe
2026-06-07 15:02:15,095 INFO  org.testng.internal.Utils - [TestNG] Running:
  C:\Users\nk171\git\WiproCapstone_Guru99Bank\Guru99Bank\testng.xml

2026-06-07 15:02:15,539 INFO  io.github.bonigarcia.wdm.WebDriverManager - Using chromedriver 149.0.7827.54 (resolved driver for Chrome 149)
2026-06-07 15:02:15,593 INFO  io.github.bonigarcia.wdm.WebDriverManager - Exporting webdriver.chrome.driver as C:\Users\nk171\.cache\selenium\chromedriver\win64\149.0.7827.54\chromedriver.exe
2026-06-07 15:02:52,415 INFO  io.github.bonigarcia.wdm.WebDriverManager - Using chromedriver 149.0.7827.54 (resolved driver for Chrome 149)
2026-06-07 15:02:52,430 INFO  io.github.bonigarcia.wdm.WebDriverManager - Exporting webdriver.chrome.driver as C:\Users\nk171\.cache\selenium\chromedriver\win64\149.0.7827.54\chromedriver.exe
2026-06-07 15:03:21,843 INFO  io.github.bonigarcia.wdm.WebDriverManager - Using chromedriver 149.0.7827.54 (resolved driver for Chrome 149)
2026-06-07 15:03:21,855 INFO  io.github.bonigarcia.wdm.WebDriverManager - Exporting webdriver.chrome.driver as C:\Users\nk171\.cache\selenium\chromedriver\win64\149.0.7827.54\chromedriver.exe
2026-06-07 15:03:53,817 INFO  io.github.bonigarcia.wdm.WebDriverManager - Using chromedriver 149.0.7827.54 (resolved driver for Chrome 149)
2026-06-07 15:03:53,834 INFO  io.github.bonigarcia.wdm.WebDriverManager - Exporting webdriver.chrome.driver as C:\Users\nk171\.cache\selenium\chromedriver\win64\149.0.7827.54\chromedriver.exe
2026-06-07 15:04:42,242 INFO  io.github.bonigarcia.wdm.WebDriverManager - Using chromedriver 149.0.7827.54 (resolved driver for Chrome 149)
2026-06-07 15:04:42,254 INFO  io.github.bonigarcia.wdm.WebDriverManager - Exporting webdriver.chrome.driver as C:\Users\nk171\.cache\selenium\chromedriver\win64\149.0.7827.54\chromedriver.exe
2026-06-07 15:05:33,980 INFO  io.github.bonigarcia.wdm.WebDriverManager - Using chromedriver 149.0.7827.54 (resolved driver for Chrome 149)
2026-06-07 15:05:33,994 INFO  io.github.bonigarcia.wdm.WebDriverManager - Exporting webdriver.chrome.driver as C:\Users\nk171\.cache\selenium\chromedriver\win64\149.0.7827.54\chromedriver.exe
2026-06-07 15:06:20,248 INFO  io.github.bonigarcia.wdm.WebDriverManager - Using chromedriver 149.0.7827.54 (resolved driver for Chrome 149)
2026-06-07 15:06:20,265 INFO  io.github.bonigarcia.wdm.WebDriverManager - Exporting webdriver.chrome.driver as C:\Users\nk171\.cache\selenium\chromedriver\win64\149.0.7827.54\chromedriver.exe
2026-06-07 15:07:16,832 INFO  io.github.bonigarcia.wdm.WebDriverManager - Using chromedriver 149.0.7827.54 (resolved driver for Chrome 149)
2026-06-07 15:07:16,842 INFO  io.github.bonigarcia.wdm.WebDriverManager - Exporting webdriver.chrome.driver as C:\Users\nk171\.cache\selenium\chromedriver\win64\149.0.7827.54\chromedriver.exe
2026-06-08 09:29:52,212 INFO  org.testng.internal.Utils - [TestNG] Running:
  C:\Users\nk171\git\WiproCapstone_Guru99Bank\Guru99Bank\testng.xml

2026-06-08 09:29:54,158 INFO  io.github.bonigarcia.wdm.WebDriverManager - Using chromedriver 149.0.7827.54 (resolved driver for Chrome 149)
2026-06-08 09:29:54,187 INFO  io.github.bonigarcia.wdm.WebDriverManager - Exporting webdriver.chrome.driver as C:\Users\nk171\.cache\selenium\chromedriver\win64\149.0.7827.54\chromedriver.exe
2026-06-08 09:30:09,721 INFO  io.github.bonigarcia.wdm.WebDriverManager - Using chromedriver 149.0.7827.54 (resolved driver for Chrome 149)
2026-06-08 09:30:09,735 INFO  io.github.bonigarcia.wdm.WebDriverManager - Exporting webdriver.chrome.driver as C:\Users\nk171\.cache\selenium\chromedriver\win64\149.0.7827.54\chromedriver.exe
2026-06-08 09:30:16,938 INFO  io.github.bonigarcia.wdm.WebDriverManager - Using chromedriver 149.0.7827.54 (resolved driver for Chrome 149)
2026-06-08 09:30:16,953 INFO  io.github.bonigarcia.wdm.WebDriverManager - Exporting webdriver.chrome.driver as C:\Users\nk171\.cache\selenium\chromedriver\win64\149.0.7827.54\chromedriver.exe
2026-06-08 09:30:36,669 INFO  io.github.bonigarcia.wdm.WebDriverManager - Using chromedriver 149.0.7827.54 (resolved driver for Chrome 149)
2026-06-08 09:30:36,680 INFO  io.github.bonigarcia.wdm.WebDriverManager - Exporting webdriver.chrome.driver as C:\Users\nk171\.cache\selenium\chromedriver\win64\149.0.7827.54\chromedriver.exe
2026-06-08 09:30:55,683 INFO  io.github.bonigarcia.wdm.WebDriverManager - Using chromedriver 149.0.7827.54 (resolved driver for Chrome 149)
2026-06-08 09:30:55,695 INFO  io.github.bonigarcia.wdm.WebDriverManager - Exporting webdriver.chrome.driver as C:\Users\nk171\.cache\selenium\chromedriver\win64\149.0.7827.54\chromedriver.exe
2026-06-08 09:31:35,522 INFO  io.github.bonigarcia.wdm.WebDriverManager - Using chromedriver 149.0.7827.54 (resolved driver for Chrome 149)
2026-06-08 09:31:35,536 INFO  io.github.bonigarcia.wdm.WebDriverManager - Exporting webdriver.chrome.driver as C:\Users\nk171\.cache\selenium\chromedriver\win64\149.0.7827.54\chromedriver.exe
2026-06-08 09:32:00,865 INFO  io.github.bonigarcia.wdm.WebDriverManager - Using chromedriver 149.0.7827.54 (resolved driver for Chrome 149)
2026-06-08 09:32:00,878 INFO  io.github.bonigarcia.wdm.WebDriverManager - Exporting webdriver.chrome.driver as C:\Users\nk171\.cache\selenium\chromedriver\win64\149.0.7827.54\chromedriver.exe
2026-06-08 09:32:26,737 INFO  io.github.bonigarcia.wdm.WebDriverManager - Using chromedriver 149.0.7827.54 (resolved driver for Chrome 149)
2026-06-08 09:32:26,747 INFO  io.github.bonigarcia.wdm.WebDriverManager - Exporting webdriver.chrome.driver as C:\Users\nk171\.cache\selenium\chromedriver\win64\149.0.7827.54\chromedriver.exe
